C:\code\LGYM-APP-APIv3\LgymApi.UnitTests\LgymApi.UnitTests.csproj : warning NU1902: Pakiet „MimeKit” 4.14.0 ma znane umiarkowana luki w zabezpieczeniach o ważności, https://github.com/advisories/GHSA-g7hc-96xr-gvvx
C:\code\LGYM-APP-APIv3\LgymApi.Infrastructure\LgymApi.Infrastructure.csproj : warning NU1902: Pakiet „MimeKit” 4.14.0 ma znane umiarkowana luki w zabezpieczeniach o ważności, https://github.com/advisories/GHSA-g7hc-96xr-gvvx
C:\code\LGYM-APP-APIv3\LgymApi.TestUtils\LgymApi.TestUtils.csproj : warning NU1902: Pakiet „MimeKit” 4.14.0 ma znane umiarkowana luki w zabezpieczeniach o ważności, https://github.com/advisories/GHSA-g7hc-96xr-gvvx
C:\code\LGYM-APP-APIv3\LgymApi.Api\LgymApi.Api.csproj : warning NU1902: Pakiet „MimeKit” 4.14.0 ma znane umiarkowana luki w zabezpieczeniach o ważności, https://github.com/advisories/GHSA-g7hc-96xr-gvvx
  LgymApi.Resources.Generator -> C:\code\LGYM-APP-APIv3\LgymApi.Resources.Generator\bin\Release\netstandard2.0\LgymApi.Resources.Generator.dll
  LgymApi.Resources -> C:\code\LGYM-APP-APIv3\LgymApi.Resources\bin\Release\net10.0\LgymApi.Resources.dll
  LgymApi.Domain -> C:\code\LGYM-APP-APIv3\LgymApi.Domain\bin\Release\net10.0\LgymApi.Domain.dll
  LgymApi.BackgroundWorker.Common -> C:\code\LGYM-APP-APIv3\LgymApi.BackgroundWorker.Common\bin\Release\net10.0\LgymApi.BackgroundWorker.Common.dll
  LgymApi.Application -> C:\code\LGYM-APP-APIv3\LgymApi.Application\bin\Release\net10.0\LgymApi.Application.dll
  LgymApi.Infrastructure -> C:\code\LGYM-APP-APIv3\LgymApi.Infrastructure\bin\Release\net10.0\LgymApi.Infrastructure.dll
  LgymApi.BackgroundWorker -> C:\code\LGYM-APP-APIv3\LgymApi.BackgroundWorker\bin\Release\net10.0\LgymApi.BackgroundWorker.dll
  LgymApi.TestUtils -> C:\code\LGYM-APP-APIv3\LgymApi.TestUtils\bin\Release\net10.0\LgymApi.TestUtils.dll
  LgymApi.Api -> C:\code\LGYM-APP-APIv3\LgymApi.Api\bin\Release\net10.0\LgymApi.Api.dll
C:\code\LGYM-APP-APIv3\LgymApi.UnitTests\ExerciseServiceTests.cs(52,77): error CS0246: Nie można znaleźć nazwy typu lub przestrzeni nazw „Id<>” (brak dyrektywy using lub odwołania do zestawu?) [C:\code\LGYM-APP-APIv3\LgymApi.UnitTests\LgymApi.UnitTests.csproj]
C:\code\LGYM-APP-APIv3\LgymApi.UnitTests\ExerciseServiceTests.cs(52,94): error CS0246: Nie można znaleźć nazwy typu lub przestrzeni nazw „Id<>” (brak dyrektywy using lub odwołania do zestawu?) [C:\code\LGYM-APP-APIv3\LgymApi.UnitTests\LgymApi.UnitTests.csproj]
C:\code\LGYM-APP-APIv3\LgymApi.UnitTests\ExerciseServiceTests.cs(52,119): error CS0246: Nie można znaleźć nazwy typu lub przestrzeni nazw „Id<>” (brak dyrektywy using lub odwołania do zestawu?) [C:\code\LGYM-APP-APIv3\LgymApi.UnitTests\LgymApi.UnitTests.csproj]
C:\code\LGYM-APP-APIv3\LgymApi.UnitTests\ExerciseServiceTests.cs(62,72): error CS0246: Nie można znaleźć nazwy typu lub przestrzeni nazw „Id<>” (brak dyrektywy using lub odwołania do zestawu?) [C:\code\LGYM-APP-APIv3\LgymApi.UnitTests\LgymApi.UnitTests.csproj]
C:\code\LGYM-APP-APIv3\LgymApi.UnitTests\ExerciseServiceTests.cs(62,89): error CS0246: Nie można znaleźć nazwy typu lub przestrzeni nazw „Id<>” (brak dyrektywy using lub odwołania do zestawu?) [C:\code\LGYM-APP-APIv3\LgymApi.UnitTests\LgymApi.UnitTests.csproj]
C:\code\LGYM-APP-APIv3\LgymApi.UnitTests\ExerciseServiceTests.cs(62,126): error CS0246: Nie można znaleźć nazwy typu lub przestrzeni nazw „Id<>” (brak dyrektywy using lub odwołania do zestawu?) [C:\code\LGYM-APP-APIv3\LgymApi.UnitTests\LgymApi.UnitTests.csproj]
C:\code\LGYM-APP-APIv3\LgymApi.UnitTests\ExerciseServiceTests.cs(58,61): error CS0246: Nie można znaleźć nazwy typu lub przestrzeni nazw „Id<>” (brak dyrektywy using lub odwołania do zestawu?) [C:\code\LGYM-APP-APIv3\LgymApi.UnitTests\LgymApi.UnitTests.csproj]
C:\code\LGYM-APP-APIv3\LgymApi.UnitTests\ExerciseServiceTests.cs(59,68): error CS0246: Nie można znaleźć nazwy typu lub przestrzeni nazw „Id<>” (brak dyrektywy using lub odwołania do zestawu?) [C:\code\LGYM-APP-APIv3\LgymApi.UnitTests\LgymApi.UnitTests.csproj]
C:\code\LGYM-APP-APIv3\LgymApi.UnitTests\ExerciseServiceTests.cs(59,85): error CS0246: Nie można znaleźć nazwy typu lub przestrzeni nazw „Id<>” (brak dyrektywy using lub odwołania do zestawu?) [C:\code\LGYM-APP-APIv3\LgymApi.UnitTests\LgymApi.UnitTests.csproj]
C:\code\LGYM-APP-APIv3\LgymApi.UnitTests\ExerciseServiceTests.cs(60,74): error CS0246: Nie można znaleźć nazwy typu lub przestrzeni nazw „Id<>” (brak dyrektywy using lub odwołania do zestawu?) [C:\code\LGYM-APP-APIv3\LgymApi.UnitTests\LgymApi.UnitTests.csproj]
C:\code\LGYM-APP-APIv3\LgymApi.UnitTests\ExerciseServiceTests.cs(60,91): error CS0246: Nie można znaleźć nazwy typu lub przestrzeni nazw „Id<>” (brak dyrektywy using lub odwołania do zestawu?) [C:\code\LGYM-APP-APIv3\LgymApi.UnitTests\LgymApi.UnitTests.csproj]
C:\code\LGYM-APP-APIv3\LgymApi.UnitTests\ExerciseServiceTests.cs(60,116): error CS0246: Nie można znaleźć nazwy typu lub przestrzeni nazw „Id<>” (brak dyrektywy using lub odwołania do zestawu?) [C:\code\LGYM-APP-APIv3\LgymApi.UnitTests\LgymApi.UnitTests.csproj]
C:\code\LGYM-APP-APIv3\LgymApi.UnitTests\ExerciseServiceTests.cs(61,69): error CS0246: Nie można znaleźć nazwy typu lub przestrzeni nazw „Id<>” (brak dyrektywy using lub odwołania do zestawu?) [C:\code\LGYM-APP-APIv3\LgymApi.UnitTests\LgymApi.UnitTests.csproj]
C:\code\LGYM-APP-APIv3\LgymApi.UnitTests\ExerciseServiceTests.cs(61,91): error CS0246: Nie można znaleźć nazwy typu lub przestrzeni nazw „Id<>” (brak dyrektywy using lub odwołania do zestawu?) [C:\code\LGYM-APP-APIv3\LgymApi.UnitTests\LgymApi.UnitTests.csproj]
C:\code\LGYM-APP-APIv3\LgymApi.UnitTests\ExerciseServiceTests.cs(63,55): error CS0246: Nie można znaleźć nazwy typu lub przestrzeni nazw „Id<>” (brak dyrektywy using lub odwołania do zestawu?) [C:\code\LGYM-APP-APIv3\LgymApi.UnitTests\LgymApi.UnitTests.csproj]
C:\code\LGYM-APP-APIv3\LgymApi.UnitTests\ExerciseServiceTests.cs(63,72): error CS0246: Nie można znaleźć nazwy typu lub przestrzeni nazw „Id<>” (brak dyrektywy using lub odwołania do zestawu?) [C:\code\LGYM-APP-APIv3\LgymApi.UnitTests\LgymApi.UnitTests.csproj]
C:\code\LGYM-APP-APIv3\LgymApi.UnitTests\ExerciseServiceTests.cs(79,46): error CS0246: Nie można znaleźć nazwy typu lub przestrzeni nazw „Id<>” (brak dyrektywy using lub odwołania do zestawu?) [C:\code\LGYM-APP-APIv3\LgymApi.UnitTests\LgymApi.UnitTests.csproj]
C:\code\LGYM-APP-APIv3\LgymApi.UnitTests\ExerciseServiceTests.cs(80,56): error CS0246: Nie można znaleźć nazwy typu lub przestrzeni nazw „Id<>” (brak dyrektywy using lub odwołania do zestawu?) [C:\code\LGYM-APP-APIv3\LgymApi.UnitTests\LgymApi.UnitTests.csproj]
C:\code\LGYM-APP-APIv3\LgymApi.UnitTests\ExerciseServiceTests.cs(82,59): error CS0246: Nie można znaleźć nazwy typu lub przestrzeni nazw „Id<>” (brak dyrektywy using lub odwołania do zestawu?) [C:\code\LGYM-APP-APIv3\LgymApi.UnitTests\LgymApi.UnitTests.csproj]
C:\code\LGYM-APP-APIv3\LgymApi.UnitTests\ExerciseServiceTests.cs(83,56): error CS0246: Nie można znaleźć nazwy typu lub przestrzeni nazw „Id<>” (brak dyrektywy using lub odwołania do zestawu?) [C:\code\LGYM-APP-APIv3\LgymApi.UnitTests\LgymApi.UnitTests.csproj]
C:\code\LGYM-APP-APIv3\LgymApi.UnitTests\ExerciseServiceTests.cs(84,56): error CS0246: Nie można znaleźć nazwy typu lub przestrzeni nazw „Id<>” (brak dyrektywy using lub odwołania do zestawu?) [C:\code\LGYM-APP-APIv3\LgymApi.UnitTests\LgymApi.UnitTests.csproj]
C:\code\LGYM-APP-APIv3\LgymApi.UnitTests\ExerciseServiceTests.cs(85,88): error CS0246: Nie można znaleźć nazwy typu lub przestrzeni nazw „Id<>” (brak dyrektywy using lub odwołania do zestawu?) [C:\code\LGYM-APP-APIv3\LgymApi.UnitTests\LgymApi.UnitTests.csproj]
C:\code\LGYM-APP-APIv3\LgymApi.UnitTests\ExerciseServiceTests.cs(85,32): error CS0246: Nie można znaleźć nazwy typu lub przestrzeni nazw „Id<>” (brak dyrektywy using lub odwołania do zestawu?) [C:\code\LGYM-APP-APIv3\LgymApi.UnitTests\LgymApi.UnitTests.csproj]
C:\code\LGYM-APP-APIv3\LgymApi.UnitTests\ExerciseServiceTests.cs(86,44): error CS0246: Nie można znaleźć nazwy typu lub przestrzeni nazw „Id<>” (brak dyrektywy using lub odwołania do zestawu?) [C:\code\LGYM-APP-APIv3\LgymApi.UnitTests\LgymApi.UnitTests.csproj]
C:\code\LGYM-APP-APIv3\LgymApi.UnitTests\ExerciseServiceTests.cs(43,56): error CS0535: 'Element „ExerciseServiceTests.StubExerciseScoreRepository” nie implementuje składowej interfejsu „IExerciseScoreRepository.GetByIdsAsync(List<Id<ExerciseScore>>, CancellationToken)” [C:\code\LGYM-APP-APIv3\LgymApi.UnitTests\LgymApi.UnitTests.csproj]
C:\code\LGYM-APP-APIv3\LgymApi.UnitTests\ExerciseServiceTests.cs(43,56): error CS0535: 'Element „ExerciseServiceTests.StubExerciseScoreRepository” nie implementuje składowej interfejsu „IExerciseScoreRepository.GetByUserAndExerciseAsync(Id<User>, Id<Exercise>, CancellationToken)” [C:\code\LGYM-APP-APIv3\LgymApi.UnitTests\LgymApi.UnitTests.csproj]
C:\code\LGYM-APP-APIv3\LgymApi.UnitTests\ExerciseServiceTests.cs(43,56): error CS0535: 'Element „ExerciseServiceTests.StubExerciseScoreRepository” nie implementuje składowej interfejsu „IExerciseScoreRepository.GetByUserAndExerciseAndGymAsync(Id<User>, Id<Exercise>, Id<Gym>?, CancellationToken)” [C:\code\LGYM-APP-APIv3\LgymApi.UnitTests\LgymApi.UnitTests.csproj]
C:\code\LGYM-APP-APIv3\LgymApi.UnitTests\ExerciseServiceTests.cs(43,56): error CS0535: 'Element „ExerciseServiceTests.StubExerciseScoreRepository” nie implementuje składowej interfejsu „IExerciseScoreRepository.GetByUserAndExercisesAsync(Id<User>, List<Id<Exercise>>, CancellationToken)” [C:\code\LGYM-APP-APIv3\LgymApi.UnitTests\LgymApi.UnitTests.csproj]
C:\code\LGYM-APP-APIv3\LgymApi.UnitTests\ExerciseServiceTests.cs(43,56): error CS0535: 'Element „ExerciseServiceTests.StubExerciseScoreRepository” nie implementuje składowej interfejsu „IExerciseScoreRepository.GetLatestByUserExerciseSeriesAsync(Id<User>, Id<Exercise>, Id<Gym>?, CancellationToken)” [C:\code\LGYM-APP-APIv3\LgymApi.UnitTests\LgymApi.UnitTests.csproj]
C:\code\LGYM-APP-APIv3\LgymApi.UnitTests\ExerciseServiceTests.cs(43,56): error CS0535: 'Element „ExerciseServiceTests.StubExerciseScoreRepository” nie implementuje składowej interfejsu „IExerciseScoreRepository.GetLatestByUserExerciseSeriesAsync(Id<User>, Id<Exercise>, int, Id<Gym>?, CancellationToken)” [C:\code\LGYM-APP-APIv3\LgymApi.UnitTests\LgymApi.UnitTests.csproj]
C:\code\LGYM-APP-APIv3\LgymApi.UnitTests\ExerciseServiceTests.cs(43,56): error CS0535: 'Element „ExerciseServiceTests.StubExerciseScoreRepository” nie implementuje składowej interfejsu „IExerciseScoreRepository.GetBestScoreAsync(Id<User>, Id<Exercise>, CancellationToken)” [C:\code\LGYM-APP-APIv3\LgymApi.UnitTests\LgymApi.UnitTests.csproj]
C:\code\LGYM-APP-APIv3\LgymApi.UnitTests\ExerciseServiceTests.cs(77,51): error CS0535: 'Element „ExerciseServiceTests.NoOpExerciseRepository” nie implementuje składowej interfejsu „IExerciseRepository.FindByIdAsync(Id<Exercise>, CancellationToken)” [C:\code\LGYM-APP-APIv3\LgymApi.UnitTests\LgymApi.UnitTests.csproj]
C:\code\LGYM-APP-APIv3\LgymApi.UnitTests\ExerciseServiceTests.cs(77,51): error CS0535: 'Element „ExerciseServiceTests.NoOpExerciseRepository” nie implementuje składowej interfejsu „IExerciseRepository.GetAllForUserAsync(Id<User>, CancellationToken)” [C:\code\LGYM-APP-APIv3\LgymApi.UnitTests\LgymApi.UnitTests.csproj]
C:\code\LGYM-APP-APIv3\LgymApi.UnitTests\ExerciseServiceTests.cs(77,51): error CS0535: 'Element „ExerciseServiceTests.NoOpExerciseRepository” nie implementuje składowej interfejsu „IExerciseRepository.GetUserExercisesAsync(Id<User>, CancellationToken)” [C:\code\LGYM-APP-APIv3\LgymApi.UnitTests\LgymApi.UnitTests.csproj]
C:\code\LGYM-APP-APIv3\LgymApi.UnitTests\ExerciseServiceTests.cs(77,51): error CS0535: 'Element „ExerciseServiceTests.NoOpExerciseRepository” nie implementuje składowej interfejsu „IExerciseRepository.GetByBodyPartAsync(Id<User>, BodyParts, CancellationToken)” [C:\code\LGYM-APP-APIv3\LgymApi.UnitTests\LgymApi.UnitTests.csproj]
C:\code\LGYM-APP-APIv3\LgymApi.UnitTests\ExerciseServiceTests.cs(77,51): error CS0535: 'Element „ExerciseServiceTests.NoOpExerciseRepository” nie implementuje składowej interfejsu „IExerciseRepository.GetByIdsAsync(List<Id<Exercise>>, CancellationToken)” [C:\code\LGYM-APP-APIv3\LgymApi.UnitTests\LgymApi.UnitTests.csproj]
C:\code\LGYM-APP-APIv3\LgymApi.UnitTests\ExerciseServiceTests.cs(77,51): error CS0535: 'Element „ExerciseServiceTests.NoOpExerciseRepository” nie implementuje składowej interfejsu „IExerciseRepository.GetTranslationsAsync(IEnumerable<Id<Exercise>>, IReadOnlyList<string>, CancellationToken)” [C:\code\LGYM-APP-APIv3\LgymApi.UnitTests\LgymApi.UnitTests.csproj]
C:\code\LGYM-APP-APIv3\LgymApi.UnitTests\ExerciseServiceTests.cs(77,51): error CS0535: 'Element „ExerciseServiceTests.NoOpExerciseRepository” nie implementuje składowej interfejsu „IExerciseRepository.UpsertTranslationAsync(Id<Exercise>, string, string, CancellationToken)” [C:\code\LGYM-APP-APIv3\LgymApi.UnitTests\LgymApi.UnitTests.csproj]
C:\code\LGYM-APP-APIv3\LgymApi.UnitTests\UpdateTrainingMainRecordsHandlerTests.cs(921,45): error CS0246: Nie można znaleźć nazwy typu lub przestrzeni nazw „Id<>” (brak dyrektywy using lub odwołania do zestawu?) [C:\code\LGYM-APP-APIv3\LgymApi.UnitTests\LgymApi.UnitTests.csproj]
C:\code\LGYM-APP-APIv3\LgymApi.UnitTests\UpdateTrainingMainRecordsHandlerTests.cs(927,53): error CS0246: Nie można znaleźć nazwy typu lub przestrzeni nazw „Id<>” (brak dyrektywy using lub odwołania do zestawu?) [C:\code\LGYM-APP-APIv3\LgymApi.UnitTests\LgymApi.UnitTests.csproj]
C:\code\LGYM-APP-APIv3\LgymApi.UnitTests\UpdateTrainingMainRecordsHandlerTests.cs(930,61): error CS0246: Nie można znaleźć nazwy typu lub przestrzeni nazw „Id<>” (brak dyrektywy using lub odwołania do zestawu?) [C:\code\LGYM-APP-APIv3\LgymApi.UnitTests\LgymApi.UnitTests.csproj]
C:\code\LGYM-APP-APIv3\LgymApi.UnitTests\UpdateTrainingMainRecordsHandlerTests.cs(933,65): error CS0246: Nie można znaleźć nazwy typu lub przestrzeni nazw „Id<>” (brak dyrektywy using lub odwołania do zestawu?) [C:\code\LGYM-APP-APIv3\LgymApi.UnitTests\LgymApi.UnitTests.csproj]
C:\code\LGYM-APP-APIv3\LgymApi.UnitTests\UpdateTrainingMainRecordsHandlerTests.cs(936,59): error CS0246: Nie można znaleźć nazwy typu lub przestrzeni nazw „Id<>” (brak dyrektywy using lub odwołania do zestawu?) [C:\code\LGYM-APP-APIv3\LgymApi.UnitTests\LgymApi.UnitTests.csproj]
C:\code\LGYM-APP-APIv3\LgymApi.UnitTests\TrainingCompletedEmailCommandHandlerTests.cs(622,45): error CS0246: Nie można znaleźć nazwy typu lub przestrzeni nazw „Id<>” (brak dyrektywy using lub odwołania do zestawu?) [C:\code\LGYM-APP-APIv3\LgymApi.UnitTests\LgymApi.UnitTests.csproj]
C:\code\LGYM-APP-APIv3\LgymApi.UnitTests\UpdateTrainingMainRecordsHandlerTests.cs(939,63): error CS0246: Nie można znaleźć nazwy typu lub przestrzeni nazw „Id<>” (brak dyrektywy using lub odwołania do zestawu?) [C:\code\LGYM-APP-APIv3\LgymApi.UnitTests\LgymApi.UnitTests.csproj]
C:\code\LGYM-APP-APIv3\LgymApi.UnitTests\TrainingCompletedEmailCommandHandlerTests.cs(628,53): error CS0246: Nie można znaleźć nazwy typu lub przestrzeni nazw „Id<>” (brak dyrektywy using lub odwołania do zestawu?) [C:\code\LGYM-APP-APIv3\LgymApi.UnitTests\LgymApi.UnitTests.csproj]
C:\code\LGYM-APP-APIv3\LgymApi.UnitTests\UpdateTrainingMainRecordsHandlerTests.cs(948,18): error CS0246: Nie można znaleźć nazwy typu lub przestrzeni nazw „Id<>” (brak dyrektywy using lub odwołania do zestawu?) [C:\code\LGYM-APP-APIv3\LgymApi.UnitTests\LgymApi.UnitTests.csproj]
C:\code\LGYM-APP-APIv3\LgymApi.UnitTests\TrainingCompletedEmailCommandHandlerTests.cs(631,61): error CS0246: Nie można znaleźć nazwy typu lub przestrzeni nazw „Id<>” (brak dyrektywy using lub odwołania do zestawu?) [C:\code\LGYM-APP-APIv3\LgymApi.UnitTests\LgymApi.UnitTests.csproj]
C:\code\LGYM-APP-APIv3\LgymApi.UnitTests\UpdateTrainingMainRecordsHandlerTests.cs(961,18): error CS0246: Nie można znaleźć nazwy typu lub przestrzeni nazw „Id<>” (brak dyrektywy using lub odwołania do zestawu?) [C:\code\LGYM-APP-APIv3\LgymApi.UnitTests\LgymApi.UnitTests.csproj]
C:\code\LGYM-APP-APIv3\LgymApi.UnitTests\TrainingCompletedEmailCommandHandlerTests.cs(634,65): error CS0246: Nie można znaleźć nazwy typu lub przestrzeni nazw „Id<>” (brak dyrektywy using lub odwołania do zestawu?) [C:\code\LGYM-APP-APIv3\LgymApi.UnitTests\LgymApi.UnitTests.csproj]
C:\code\LGYM-APP-APIv3\LgymApi.UnitTests\TrainingCompletedEmailCommandHandlerTests.cs(637,59): error CS0246: Nie można znaleźć nazwy typu lub przestrzeni nazw „Id<>” (brak dyrektywy using lub odwołania do zestawu?) [C:\code\LGYM-APP-APIv3\LgymApi.UnitTests\LgymApi.UnitTests.csproj]
C:\code\LGYM-APP-APIv3\LgymApi.UnitTests\UpdateTrainingMainRecordsHandlerTests.cs(968,68): error CS0246: Nie można znaleźć nazwy typu lub przestrzeni nazw „Id<>” (brak dyrektywy using lub odwołania do zestawu?) [C:\code\LGYM-APP-APIv3\LgymApi.UnitTests\LgymApi.UnitTests.csproj]
C:\code\LGYM-APP-APIv3\LgymApi.UnitTests\UpdateTrainingMainRecordsHandlerTests.cs(968,85): error CS0246: Nie można znaleźć nazwy typu lub przestrzeni nazw „Id<>” (brak dyrektywy using lub odwołania do zestawu?) [C:\code\LGYM-APP-APIv3\LgymApi.UnitTests\LgymApi.UnitTests.csproj]
C:\code\LGYM-APP-APIv3\LgymApi.UnitTests\TrainingCompletedEmailCommandHandlerTests.cs(640,63): error CS0246: Nie można znaleźć nazwy typu lub przestrzeni nazw „Id<>” (brak dyrektywy using lub odwołania do zestawu?) [C:\code\LGYM-APP-APIv3\LgymApi.UnitTests\LgymApi.UnitTests.csproj]
C:\code\LGYM-APP-APIv3\LgymApi.UnitTests\TrainingCompletedEmailCommandHandlerTests.cs(649,18): error CS0246: Nie można znaleźć nazwy typu lub przestrzeni nazw „Id<>” (brak dyrektywy using lub odwołania do zestawu?) [C:\code\LGYM-APP-APIv3\LgymApi.UnitTests\LgymApi.UnitTests.csproj]
C:\code\LGYM-APP-APIv3\LgymApi.UnitTests\UpdateTrainingMainRecordsHandlerTests.cs(971,74): error CS0246: Nie można znaleźć nazwy typu lub przestrzeni nazw „Id<>” (brak dyrektywy using lub odwołania do zestawu?) [C:\code\LGYM-APP-APIv3\LgymApi.UnitTests\LgymApi.UnitTests.csproj]
C:\code\LGYM-APP-APIv3\LgymApi.UnitTests\UpdateTrainingMainRecordsHandlerTests.cs(971,91): error CS0246: Nie można znaleźć nazwy typu lub przestrzeni nazw „Id<>” (brak dyrektywy using lub odwołania do zestawu?) [C:\code\LGYM-APP-APIv3\LgymApi.UnitTests\LgymApi.UnitTests.csproj]
C:\code\LGYM-APP-APIv3\LgymApi.UnitTests\UpdateTrainingMainRecordsHandlerTests.cs(971,116): error CS0246: Nie można znaleźć nazwy typu lub przestrzeni nazw „Id<>” (brak dyrektywy using lub odwołania do zestawu?) [C:\code\LGYM-APP-APIv3\LgymApi.UnitTests\LgymApi.UnitTests.csproj]
C:\code\LGYM-APP-APIv3\LgymApi.UnitTests\TrainingCompletedEmailCommandHandlerTests.cs(662,18): error CS0246: Nie można znaleźć nazwy typu lub przestrzeni nazw „Id<>” (brak dyrektywy using lub odwołania do zestawu?) [C:\code\LGYM-APP-APIv3\LgymApi.UnitTests\LgymApi.UnitTests.csproj]
C:\code\LGYM-APP-APIv3\LgymApi.UnitTests\UpdateTrainingMainRecordsHandlerTests.cs(974,69): error CS0246: Nie można znaleźć nazwy typu lub przestrzeni nazw „Id<>” (brak dyrektywy using lub odwołania do zestawu?) [C:\code\LGYM-APP-APIv3\LgymApi.UnitTests\LgymApi.UnitTests.csproj]
C:\code\LGYM-APP-APIv3\LgymApi.UnitTests\UpdateTrainingMainRecordsHandlerTests.cs(974,91): error CS0246: Nie można znaleźć nazwy typu lub przestrzeni nazw „Id<>” (brak dyrektywy using lub odwołania do zestawu?) [C:\code\LGYM-APP-APIv3\LgymApi.UnitTests\LgymApi.UnitTests.csproj]
C:\code\LGYM-APP-APIv3\LgymApi.UnitTests\TrainingCompletedEmailCommandHandlerTests.cs(669,68): error CS0246: Nie można znaleźć nazwy typu lub przestrzeni nazw „Id<>” (brak dyrektywy using lub odwołania do zestawu?) [C:\code\LGYM-APP-APIv3\LgymApi.UnitTests\LgymApi.UnitTests.csproj]
C:\code\LGYM-APP-APIv3\LgymApi.UnitTests\TrainingCompletedEmailCommandHandlerTests.cs(669,85): error CS0246: Nie można znaleźć nazwy typu lub przestrzeni nazw „Id<>” (brak dyrektywy using lub odwołania do zestawu?) [C:\code\LGYM-APP-APIv3\LgymApi.UnitTests\LgymApi.UnitTests.csproj]
C:\code\LGYM-APP-APIv3\LgymApi.UnitTests\UpdateTrainingMainRecordsHandlerTests.cs(977,77): error CS0246: Nie można znaleźć nazwy typu lub przestrzeni nazw „Id<>” (brak dyrektywy using lub odwołania do zestawu?) [C:\code\LGYM-APP-APIv3\LgymApi.UnitTests\LgymApi.UnitTests.csproj]
C:\code\LGYM-APP-APIv3\LgymApi.UnitTests\UpdateTrainingMainRecordsHandlerTests.cs(977,94): error CS0246: Nie można znaleźć nazwy typu lub przestrzeni nazw „Id<>” (brak dyrektywy using lub odwołania do zestawu?) [C:\code\LGYM-APP-APIv3\LgymApi.UnitTests\LgymApi.UnitTests.csproj]
C:\code\LGYM-APP-APIv3\LgymApi.UnitTests\UpdateTrainingMainRecordsHandlerTests.cs(977,119): error CS0246: Nie można znaleźć nazwy typu lub przestrzeni nazw „Id<>” (brak dyrektywy using lub odwołania do zestawu?) [C:\code\LGYM-APP-APIv3\LgymApi.UnitTests\LgymApi.UnitTests.csproj]
C:\code\LGYM-APP-APIv3\LgymApi.UnitTests\TrainingCompletedEmailCommandHandlerTests.cs(672,74): error CS0246: Nie można znaleźć nazwy typu lub przestrzeni nazw „Id<>” (brak dyrektywy using lub odwołania do zestawu?) [C:\code\LGYM-APP-APIv3\LgymApi.UnitTests\LgymApi.UnitTests.csproj]
C:\code\LGYM-APP-APIv3\LgymApi.UnitTests\TrainingCompletedEmailCommandHandlerTests.cs(672,91): error CS0246: Nie można znaleźć nazwy typu lub przestrzeni nazw „Id<>” (brak dyrektywy using lub odwołania do zestawu?) [C:\code\LGYM-APP-APIv3\LgymApi.UnitTests\LgymApi.UnitTests.csproj]
C:\code\LGYM-APP-APIv3\LgymApi.UnitTests\TrainingCompletedEmailCommandHandlerTests.cs(672,116): error CS0246: Nie można znaleźć nazwy typu lub przestrzeni nazw „Id<>” (brak dyrektywy using lub odwołania do zestawu?) [C:\code\LGYM-APP-APIv3\LgymApi.UnitTests\LgymApi.UnitTests.csproj]
C:\code\LGYM-APP-APIv3\LgymApi.UnitTests\UpdateTrainingMainRecordsHandlerTests.cs(980,72): error CS0246: Nie można znaleźć nazwy typu lub przestrzeni nazw „Id<>” (brak dyrektywy using lub odwołania do zestawu?) [C:\code\LGYM-APP-APIv3\LgymApi.UnitTests\LgymApi.UnitTests.csproj]
C:\code\LGYM-APP-APIv3\LgymApi.UnitTests\UpdateTrainingMainRecordsHandlerTests.cs(980,89): error CS0246: Nie można znaleźć nazwy typu lub przestrzeni nazw „Id<>” (brak dyrektywy using lub odwołania do zestawu?) [C:\code\LGYM-APP-APIv3\LgymApi.UnitTests\LgymApi.UnitTests.csproj]
C:\code\LGYM-APP-APIv3\LgymApi.UnitTests\UpdateTrainingMainRecordsHandlerTests.cs(980,126): error CS0246: Nie można znaleźć nazwy typu lub przestrzeni nazw „Id<>” (brak dyrektywy using lub odwołania do zestawu?) [C:\code\LGYM-APP-APIv3\LgymApi.UnitTests\LgymApi.UnitTests.csproj]
C:\code\LGYM-APP-APIv3\LgymApi.UnitTests\TrainingCompletedEmailCommandHandlerTests.cs(675,69): error CS0246: Nie można znaleźć nazwy typu lub przestrzeni nazw „Id<>” (brak dyrektywy using lub odwołania do zestawu?) [C:\code\LGYM-APP-APIv3\LgymApi.UnitTests\LgymApi.UnitTests.csproj]
C:\code\LGYM-APP-APIv3\LgymApi.UnitTests\TrainingCompletedEmailCommandHandlerTests.cs(675,91): error CS0246: Nie można znaleźć nazwy typu lub przestrzeni nazw „Id<>” (brak dyrektywy using lub odwołania do zestawu?) [C:\code\LGYM-APP-APIv3\LgymApi.UnitTests\LgymApi.UnitTests.csproj]
C:\code\LGYM-APP-APIv3\LgymApi.UnitTests\UpdateTrainingMainRecordsHandlerTests.cs(983,55): error CS0246: Nie można znaleźć nazwy typu lub przestrzeni nazw „Id<>” (brak dyrektywy using lub odwołania do zestawu?) [C:\code\LGYM-APP-APIv3\LgymApi.UnitTests\LgymApi.UnitTests.csproj]
C:\code\LGYM-APP-APIv3\LgymApi.UnitTests\UpdateTrainingMainRecordsHandlerTests.cs(983,72): error CS0246: Nie można znaleźć nazwy typu lub przestrzeni nazw „Id<>” (brak dyrektywy using lub odwołania do zestawu?) [C:\code\LGYM-APP-APIv3\LgymApi.UnitTests\LgymApi.UnitTests.csproj]
C:\code\LGYM-APP-APIv3\LgymApi.UnitTests\TrainingCompletedEmailCommandHandlerTests.cs(678,77): error CS0246: Nie można znaleźć nazwy typu lub przestrzeni nazw „Id<>” (brak dyrektywy using lub odwołania do zestawu?) [C:\code\LGYM-APP-APIv3\LgymApi.UnitTests\LgymApi.UnitTests.csproj]
C:\code\LGYM-APP-APIv3\LgymApi.UnitTests\TrainingCompletedEmailCommandHandlerTests.cs(678,94): error CS0246: Nie można znaleźć nazwy typu lub przestrzeni nazw „Id<>” (brak dyrektywy using lub odwołania do zestawu?) [C:\code\LGYM-APP-APIv3\LgymApi.UnitTests\LgymApi.UnitTests.csproj]
C:\code\LGYM-APP-APIv3\LgymApi.UnitTests\TrainingCompletedEmailCommandHandlerTests.cs(678,119): error CS0246: Nie można znaleźć nazwy typu lub przestrzeni nazw „Id<>” (brak dyrektywy using lub odwołania do zestawu?) [C:\code\LGYM-APP-APIv3\LgymApi.UnitTests\LgymApi.UnitTests.csproj]
C:\code\LGYM-APP-APIv3\LgymApi.UnitTests\TrainingCompletedEmailCommandHandlerTests.cs(681,72): error CS0246: Nie można znaleźć nazwy typu lub przestrzeni nazw „Id<>” (brak dyrektywy using lub odwołania do zestawu?) [C:\code\LGYM-APP-APIv3\LgymApi.UnitTests\LgymApi.UnitTests.csproj]
C:\code\LGYM-APP-APIv3\LgymApi.UnitTests\TrainingCompletedEmailCommandHandlerTests.cs(681,89): error CS0246: Nie można znaleźć nazwy typu lub przestrzeni nazw „Id<>” (brak dyrektywy using lub odwołania do zestawu?) [C:\code\LGYM-APP-APIv3\LgymApi.UnitTests\LgymApi.UnitTests.csproj]
C:\code\LGYM-APP-APIv3\LgymApi.UnitTests\TrainingCompletedEmailCommandHandlerTests.cs(681,126): error CS0246: Nie można znaleźć nazwy typu lub przestrzeni nazw „Id<>” (brak dyrektywy using lub odwołania do zestawu?) [C:\code\LGYM-APP-APIv3\LgymApi.UnitTests\LgymApi.UnitTests.csproj]
C:\code\LGYM-APP-APIv3\LgymApi.UnitTests\UpdateTrainingMainRecordsHandlerTests.cs(917,51): error CS0535: 'Element „UpdateTrainingMainRecordsHandlerTests.TestTrainingRepository” nie implementuje składowej interfejsu „ITrainingRepository.GetByIdAsync(Id<Training>, CancellationToken)” [C:\code\LGYM-APP-APIv3\LgymApi.UnitTests\LgymApi.UnitTests.csproj]
C:\code\LGYM-APP-APIv3\LgymApi.UnitTests\UpdateTrainingMainRecordsHandlerTests.cs(917,51): error CS0535: 'Element „UpdateTrainingMainRecordsHandlerTests.TestTrainingRepository” nie implementuje składowej interfejsu „ITrainingRepository.GetLastByUserIdAsync(Id<User>, CancellationToken)” [C:\code\LGYM-APP-APIv3\LgymApi.UnitTests\LgymApi.UnitTests.csproj]
C:\code\LGYM-APP-APIv3\LgymApi.UnitTests\UpdateTrainingMainRecordsHandlerTests.cs(917,51): error CS0535: 'Element „UpdateTrainingMainRecordsHandlerTests.TestTrainingRepository” nie implementuje składowej interfejsu „ITrainingRepository.GetByUserIdAndDateAsync(Id<User>, DateTimeOffset, DateTimeOffset, CancellationToken)” [C:\code\LGYM-APP-APIv3\LgymApi.UnitTests\LgymApi.UnitTests.csproj]
C:\code\LGYM-APP-APIv3\LgymApi.UnitTests\UpdateTrainingMainRecordsHandlerTests.cs(917,51): error CS0535: 'Element „UpdateTrainingMainRecordsHandlerTests.TestTrainingRepository” nie implementuje składowej interfejsu „ITrainingRepository.GetDatesByUserIdAsync(Id<User>, CancellationToken)” [C:\code\LGYM-APP-APIv3\LgymApi.UnitTests\LgymApi.UnitTests.csproj]
C:\code\LGYM-APP-APIv3\LgymApi.UnitTests\UpdateTrainingMainRecordsHandlerTests.cs(917,51): error CS0535: 'Element „UpdateTrainingMainRecordsHandlerTests.TestTrainingRepository” nie implementuje składowej interfejsu „ITrainingRepository.GetByGymIdsAsync(List<Id<Gym>>, CancellationToken)” [C:\code\LGYM-APP-APIv3\LgymApi.UnitTests\LgymApi.UnitTests.csproj]
C:\code\LGYM-APP-APIv3\LgymApi.UnitTests\UpdateTrainingMainRecordsHandlerTests.cs(917,51): error CS0535: 'Element „UpdateTrainingMainRecordsHandlerTests.TestTrainingRepository” nie implementuje składowej interfejsu „ITrainingRepository.GetByPlanDayIdsAsync(List<Id<PlanDay>>, CancellationToken)” [C:\code\LGYM-APP-APIv3\LgymApi.UnitTests\LgymApi.UnitTests.csproj]
C:\code\LGYM-APP-APIv3\LgymApi.UnitTests\TrainingCompletedEmailCommandHandlerTests.cs(684,55): error CS0246: Nie można znaleźć nazwy typu lub przestrzeni nazw „Id<>” (brak dyrektywy using lub odwołania do zestawu?) [C:\code\LGYM-APP-APIv3\LgymApi.UnitTests\LgymApi.UnitTests.csproj]
C:\code\LGYM-APP-APIv3\LgymApi.UnitTests\TrainingCompletedEmailCommandHandlerTests.cs(684,72): error CS0246: Nie można znaleźć nazwy typu lub przestrzeni nazw „Id<>” (brak dyrektywy using lub odwołania do zestawu?) [C:\code\LGYM-APP-APIv3\LgymApi.UnitTests\LgymApi.UnitTests.csproj]
C:\code\LGYM-APP-APIv3\LgymApi.UnitTests\UpdateTrainingMainRecordsHandlerTests.cs(943,64): error CS0535: 'Element „UpdateTrainingMainRecordsHandlerTests.TestTrainingExerciseScoreRepository” nie implementuje składowej interfejsu „ITrainingExerciseScoreRepository.GetByTrainingIdsAsync(List<Id<Training>>, CancellationToken)” [C:\code\LGYM-APP-APIv3\LgymApi.UnitTests\LgymApi.UnitTests.csproj]
C:\code\LGYM-APP-APIv3\LgymApi.UnitTests\UpdateTrainingMainRecordsHandlerTests.cs(956,56): error CS0535: 'Element „UpdateTrainingMainRecordsHandlerTests.TestExerciseScoreRepository” nie implementuje składowej interfejsu „IExerciseScoreRepository.GetByIdsAsync(List<Id<ExerciseScore>>, CancellationToken)” [C:\code\LGYM-APP-APIv3\LgymApi.UnitTests\LgymApi.UnitTests.csproj]
C:\code\LGYM-APP-APIv3\LgymApi.UnitTests\UpdateTrainingMainRecordsHandlerTests.cs(956,56): error CS0535: 'Element „UpdateTrainingMainRecordsHandlerTests.TestExerciseScoreRepository” nie implementuje składowej interfejsu „IExerciseScoreRepository.GetByUserAndExerciseAsync(Id<User>, Id<Exercise>, CancellationToken)” [C:\code\LGYM-APP-APIv3\LgymApi.UnitTests\LgymApi.UnitTests.csproj]
C:\code\LGYM-APP-APIv3\LgymApi.UnitTests\UpdateTrainingMainRecordsHandlerTests.cs(956,56): error CS0535: 'Element „UpdateTrainingMainRecordsHandlerTests.TestExerciseScoreRepository” nie implementuje składowej interfejsu „IExerciseScoreRepository.GetByUserAndExerciseAndGymAsync(Id<User>, Id<Exercise>, Id<Gym>?, CancellationToken)” [C:\code\LGYM-APP-APIv3\LgymApi.UnitTests\LgymApi.UnitTests.csproj]
C:\code\LGYM-APP-APIv3\LgymApi.UnitTests\UpdateTrainingMainRecordsHandlerTests.cs(956,56): error CS0535: 'Element „UpdateTrainingMainRecordsHandlerTests.TestExerciseScoreRepository” nie implementuje składowej interfejsu „IExerciseScoreRepository.GetByUserAndExercisesAsync(Id<User>, List<Id<Exercise>>, CancellationToken)” [C:\code\LGYM-APP-APIv3\LgymApi.UnitTests\LgymApi.UnitTests.csproj]
C:\code\LGYM-APP-APIv3\LgymApi.UnitTests\UpdateTrainingMainRecordsHandlerTests.cs(956,56): error CS0535: 'Element „UpdateTrainingMainRecordsHandlerTests.TestExerciseScoreRepository” nie implementuje składowej interfejsu „IExerciseScoreRepository.GetLatestByUserExerciseSeriesAsync(Id<User>, Id<Exercise>, Id<Gym>?, CancellationToken)” [C:\code\LGYM-APP-APIv3\LgymApi.UnitTests\LgymApi.UnitTests.csproj]
C:\code\LGYM-APP-APIv3\LgymApi.UnitTests\UpdateTrainingMainRecordsHandlerTests.cs(956,56): error CS0535: 'Element „UpdateTrainingMainRecordsHandlerTests.TestExerciseScoreRepository” nie implementuje składowej interfejsu „IExerciseScoreRepository.GetLatestByUserExerciseSeriesAsync(Id<User>, Id<Exercise>, int, Id<Gym>?, CancellationToken)” [C:\code\LGYM-APP-APIv3\LgymApi.UnitTests\LgymApi.UnitTests.csproj]
C:\code\LGYM-APP-APIv3\LgymApi.UnitTests\UpdateTrainingMainRecordsHandlerTests.cs(956,56): error CS0535: 'Element „UpdateTrainingMainRecordsHandlerTests.TestExerciseScoreRepository” nie implementuje składowej interfejsu „IExerciseScoreRepository.GetBestScoreAsync(Id<User>, Id<Exercise>, CancellationToken)” [C:\code\LGYM-APP-APIv3\LgymApi.UnitTests\LgymApi.UnitTests.csproj]
C:\code\LGYM-APP-APIv3\LgymApi.UnitTests\TrainingCompletedEmailCommandHandlerTests.cs(618,51): error CS0535: 'Element „TrainingCompletedEmailCommandHandlerTests.TestTrainingRepository” nie implementuje składowej interfejsu „ITrainingRepository.GetByIdAsync(Id<Training>, CancellationToken)” [C:\code\LGYM-APP-APIv3\LgymApi.UnitTests\LgymApi.UnitTests.csproj]
C:\code\LGYM-APP-APIv3\LgymApi.UnitTests\TrainingCompletedEmailCommandHandlerTests.cs(618,51): error CS0535: 'Element „TrainingCompletedEmailCommandHandlerTests.TestTrainingRepository” nie implementuje składowej interfejsu „ITrainingRepository.GetLastByUserIdAsync(Id<User>, CancellationToken)” [C:\code\LGYM-APP-APIv3\LgymApi.UnitTests\LgymApi.UnitTests.csproj]
C:\code\LGYM-APP-APIv3\LgymApi.UnitTests\TrainingCompletedEmailCommandHandlerTests.cs(618,51): error CS0535: 'Element „TrainingCompletedEmailCommandHandlerTests.TestTrainingRepository” nie implementuje składowej interfejsu „ITrainingRepository.GetByUserIdAndDateAsync(Id<User>, DateTimeOffset, DateTimeOffset, CancellationToken)” [C:\code\LGYM-APP-APIv3\LgymApi.UnitTests\LgymApi.UnitTests.csproj]
C:\code\LGYM-APP-APIv3\LgymApi.UnitTests\TrainingCompletedEmailCommandHandlerTests.cs(618,51): error CS0535: 'Element „TrainingCompletedEmailCommandHandlerTests.TestTrainingRepository” nie implementuje składowej interfejsu „ITrainingRepository.GetDatesByUserIdAsync(Id<User>, CancellationToken)” [C:\code\LGYM-APP-APIv3\LgymApi.UnitTests\LgymApi.UnitTests.csproj]
C:\code\LGYM-APP-APIv3\LgymApi.UnitTests\TrainingCompletedEmailCommandHandlerTests.cs(618,51): error CS0535: 'Element „TrainingCompletedEmailCommandHandlerTests.TestTrainingRepository” nie implementuje składowej interfejsu „ITrainingRepository.GetByGymIdsAsync(List<Id<Gym>>, CancellationToken)” [C:\code\LGYM-APP-APIv3\LgymApi.UnitTests\LgymApi.UnitTests.csproj]
C:\code\LGYM-APP-APIv3\LgymApi.UnitTests\TrainingCompletedEmailCommandHandlerTests.cs(618,51): error CS0535: 'Element „TrainingCompletedEmailCommandHandlerTests.TestTrainingRepository” nie implementuje składowej interfejsu „ITrainingRepository.GetByPlanDayIdsAsync(List<Id<PlanDay>>, CancellationToken)” [C:\code\LGYM-APP-APIv3\LgymApi.UnitTests\LgymApi.UnitTests.csproj]
C:\code\LGYM-APP-APIv3\LgymApi.UnitTests\TrainingCompletedEmailCommandHandlerTests.cs(644,64): error CS0535: 'Element „TrainingCompletedEmailCommandHandlerTests.TestTrainingExerciseScoreRepository” nie implementuje składowej interfejsu „ITrainingExerciseScoreRepository.GetByTrainingIdsAsync(List<Id<Training>>, CancellationToken)” [C:\code\LGYM-APP-APIv3\LgymApi.UnitTests\LgymApi.UnitTests.csproj]
C:\code\LGYM-APP-APIv3\LgymApi.UnitTests\TrainingCompletedEmailCommandHandlerTests.cs(657,56): error CS0535: 'Element „TrainingCompletedEmailCommandHandlerTests.TestExerciseScoreRepository” nie implementuje składowej interfejsu „IExerciseScoreRepository.GetByIdsAsync(List<Id<ExerciseScore>>, CancellationToken)” [C:\code\LGYM-APP-APIv3\LgymApi.UnitTests\LgymApi.UnitTests.csproj]
C:\code\LGYM-APP-APIv3\LgymApi.UnitTests\TrainingCompletedEmailCommandHandlerTests.cs(657,56): error CS0535: 'Element „TrainingCompletedEmailCommandHandlerTests.TestExerciseScoreRepository” nie implementuje składowej interfejsu „IExerciseScoreRepository.GetByUserAndExerciseAsync(Id<User>, Id<Exercise>, CancellationToken)” [C:\code\LGYM-APP-APIv3\LgymApi.UnitTests\LgymApi.UnitTests.csproj]
C:\code\LGYM-APP-APIv3\LgymApi.UnitTests\TrainingCompletedEmailCommandHandlerTests.cs(657,56): error CS0535: 'Element „TrainingCompletedEmailCommandHandlerTests.TestExerciseScoreRepository” nie implementuje składowej interfejsu „IExerciseScoreRepository.GetByUserAndExerciseAndGymAsync(Id<User>, Id<Exercise>, Id<Gym>?, CancellationToken)” [C:\code\LGYM-APP-APIv3\LgymApi.UnitTests\LgymApi.UnitTests.csproj]
C:\code\LGYM-APP-APIv3\LgymApi.UnitTests\TrainingCompletedEmailCommandHandlerTests.cs(657,56): error CS0535: 'Element „TrainingCompletedEmailCommandHandlerTests.TestExerciseScoreRepository” nie implementuje składowej interfejsu „IExerciseScoreRepository.GetByUserAndExercisesAsync(Id<User>, List<Id<Exercise>>, CancellationToken)” [C:\code\LGYM-APP-APIv3\LgymApi.UnitTests\LgymApi.UnitTests.csproj]
C:\code\LGYM-APP-APIv3\LgymApi.UnitTests\TrainingCompletedEmailCommandHandlerTests.cs(657,56): error CS0535: 'Element „TrainingCompletedEmailCommandHandlerTests.TestExerciseScoreRepository” nie implementuje składowej interfejsu „IExerciseScoreRepository.GetLatestByUserExerciseSeriesAsync(Id<User>, Id<Exercise>, Id<Gym>?, CancellationToken)” [C:\code\LGYM-APP-APIv3\LgymApi.UnitTests\LgymApi.UnitTests.csproj]
C:\code\LGYM-APP-APIv3\LgymApi.UnitTests\TrainingCompletedEmailCommandHandlerTests.cs(657,56): error CS0535: 'Element „TrainingCompletedEmailCommandHandlerTests.TestExerciseScoreRepository” nie implementuje składowej interfejsu „IExerciseScoreRepository.GetLatestByUserExerciseSeriesAsync(Id<User>, Id<Exercise>, int, Id<Gym>?, CancellationToken)” [C:\code\LGYM-APP-APIv3\LgymApi.UnitTests\LgymApi.UnitTests.csproj]
C:\code\LGYM-APP-APIv3\LgymApi.UnitTests\TrainingCompletedEmailCommandHandlerTests.cs(657,56): error CS0535: 'Element „TrainingCompletedEmailCommandHandlerTests.TestExerciseScoreRepository” nie implementuje składowej interfejsu „IExerciseScoreRepository.GetBestScoreAsync(Id<User>, Id<Exercise>, CancellationToken)” [C:\code\LGYM-APP-APIv3\LgymApi.UnitTests\LgymApi.UnitTests.csproj]
C:\code\LGYM-APP-APIv3\LgymApi.UnitTests\ServiceTransactionBehaviorTests.cs(225,47): error CS0535: 'Element „ServiceTransactionBehaviorTests.PlanRepositoryStub” nie implementuje składowej interfejsu „IPlanRepository.FindByIdAsync(Id<Plan>, CancellationToken)” [C:\code\LGYM-APP-APIv3\LgymApi.UnitTests\LgymApi.UnitTests.csproj]
C:\code\LGYM-APP-APIv3\LgymApi.UnitTests\ServiceTransactionBehaviorTests.cs(225,47): error CS0535: 'Element „ServiceTransactionBehaviorTests.PlanRepositoryStub” nie implementuje składowej interfejsu „IPlanRepository.FindActiveByUserIdAsync(Id<User>, CancellationToken)” [C:\code\LGYM-APP-APIv3\LgymApi.UnitTests\LgymApi.UnitTests.csproj]
C:\code\LGYM-APP-APIv3\LgymApi.UnitTests\ServiceTransactionBehaviorTests.cs(225,47): error CS0535: 'Element „ServiceTransactionBehaviorTests.PlanRepositoryStub” nie implementuje składowej interfejsu „IPlanRepository.FindLastActiveByUserIdAsync(Id<User>, CancellationToken)” [C:\code\LGYM-APP-APIv3\LgymApi.UnitTests\LgymApi.UnitTests.csproj]
C:\code\LGYM-APP-APIv3\LgymApi.UnitTests\ServiceTransactionBehaviorTests.cs(225,47): error CS0535: 'Element „ServiceTransactionBehaviorTests.PlanRepositoryStub” nie implementuje składowej interfejsu „IPlanRepository.GetByUserIdAsync(Id<User>, CancellationToken)” [C:\code\LGYM-APP-APIv3\LgymApi.UnitTests\LgymApi.UnitTests.csproj]
C:\code\LGYM-APP-APIv3\LgymApi.UnitTests\ServiceTransactionBehaviorTests.cs(225,47): error CS0535: 'Element „ServiceTransactionBehaviorTests.PlanRepositoryStub” nie implementuje składowej interfejsu „IPlanRepository.SetActivePlanAsync(Id<User>, Id<Plan>, CancellationToken)” [C:\code\LGYM-APP-APIv3\LgymApi.UnitTests\LgymApi.UnitTests.csproj]
C:\code\LGYM-APP-APIv3\LgymApi.UnitTests\ServiceTransactionBehaviorTests.cs(225,47): error CS0535: 'Element „ServiceTransactionBehaviorTests.PlanRepositoryStub” nie implementuje składowej interfejsu „IPlanRepository.ClearActivePlansAsync(Id<User>, CancellationToken)” [C:\code\LGYM-APP-APIv3\LgymApi.UnitTests\LgymApi.UnitTests.csproj]
C:\code\LGYM-APP-APIv3\LgymApi.UnitTests\ServiceTransactionBehaviorTests.cs(225,47): error CS0535: 'Element „ServiceTransactionBehaviorTests.PlanRepositoryStub” nie implementuje składowej interfejsu „IPlanRepository.CopyPlanByShareCodeAsync(string, Id<User>, CancellationToken)” [C:\code\LGYM-APP-APIv3\LgymApi.UnitTests\LgymApi.UnitTests.csproj]
C:\code\LGYM-APP-APIv3\LgymApi.UnitTests\ServiceTransactionBehaviorTests.cs(225,47): error CS0535: 'Element „ServiceTransactionBehaviorTests.PlanRepositoryStub” nie implementuje składowej interfejsu „IPlanRepository.GenerateShareCodeAsync(Id<Plan>, Id<User>, CancellationToken)” [C:\code\LGYM-APP-APIv3\LgymApi.UnitTests\LgymApi.UnitTests.csproj]
C:\code\LGYM-APP-APIv3\LgymApi.UnitTests\ServiceTransactionBehaviorTests.cs(258,50): error CS0535: 'Element „ServiceTransactionBehaviorTests.PlanDayRepositoryStub” nie implementuje składowej interfejsu „IPlanDayRepository.FindByIdAsync(Id<PlanDay>, CancellationToken)” [C:\code\LGYM-APP-APIv3\LgymApi.UnitTests\LgymApi.UnitTests.csproj]
C:\code\LGYM-APP-APIv3\LgymApi.UnitTests\ServiceTransactionBehaviorTests.cs(258,50): error CS0535: 'Element „ServiceTransactionBehaviorTests.PlanDayRepositoryStub” nie implementuje składowej interfejsu „IPlanDayRepository.GetByPlanIdAsync(Id<Plan>, CancellationToken)” [C:\code\LGYM-APP-APIv3\LgymApi.UnitTests\LgymApi.UnitTests.csproj]
C:\code\LGYM-APP-APIv3\LgymApi.UnitTests\ServiceTransactionBehaviorTests.cs(258,50): error CS0535: 'Element „ServiceTransactionBehaviorTests.PlanDayRepositoryStub” nie implementuje składowej interfejsu „IPlanDayRepository.MarkDeletedAsync(Id<PlanDay>, CancellationToken)” [C:\code\LGYM-APP-APIv3\LgymApi.UnitTests\LgymApi.UnitTests.csproj]
C:\code\LGYM-APP-APIv3\LgymApi.UnitTests\ServiceTransactionBehaviorTests.cs(258,50): error CS0535: 'Element „ServiceTransactionBehaviorTests.PlanDayRepositoryStub” nie implementuje składowej interfejsu „IPlanDayRepository.MarkDeletedByPlanIdAsync(Id<Plan>, CancellationToken)” [C:\code\LGYM-APP-APIv3\LgymApi.UnitTests\LgymApi.UnitTests.csproj]
C:\code\LGYM-APP-APIv3\LgymApi.UnitTests\ServiceTransactionBehaviorTests.cs(258,50): error CS0535: 'Element „ServiceTransactionBehaviorTests.PlanDayRepositoryStub” nie implementuje składowej interfejsu „IPlanDayRepository.AnyByPlanIdAsync(Id<Plan>, CancellationToken)” [C:\code\LGYM-APP-APIv3\LgymApi.UnitTests\LgymApi.UnitTests.csproj]
C:\code\LGYM-APP-APIv3\LgymApi.UnitTests\ServiceTransactionBehaviorTests.cs(281,58): error CS0535: 'Element „ServiceTransactionBehaviorTests.PlanDayExerciseRepositoryStub” nie implementuje składowej interfejsu „IPlanDayExerciseRepository.GetByPlanDayIdsAsync(List<Id<PlanDay>>, CancellationToken)” [C:\code\LGYM-APP-APIv3\LgymApi.UnitTests\LgymApi.UnitTests.csproj]
C:\code\LGYM-APP-APIv3\LgymApi.UnitTests\ServiceTransactionBehaviorTests.cs(281,58): error CS0535: 'Element „ServiceTransactionBehaviorTests.PlanDayExerciseRepositoryStub” nie implementuje składowej interfejsu „IPlanDayExerciseRepository.GetByPlanDayIdAsync(Id<PlanDay>, CancellationToken)” [C:\code\LGYM-APP-APIv3\LgymApi.UnitTests\LgymApi.UnitTests.csproj]
C:\code\LGYM-APP-APIv3\LgymApi.UnitTests\ServiceTransactionBehaviorTests.cs(281,58): error CS0535: 'Element „ServiceTransactionBehaviorTests.PlanDayExerciseRepositoryStub” nie implementuje składowej interfejsu „IPlanDayExerciseRepository.RemoveByPlanDayIdAsync(Id<PlanDay>, CancellationToken)” [C:\code\LGYM-APP-APIv3\LgymApi.UnitTests\LgymApi.UnitTests.csproj]
C:\code\LGYM-APP-APIv3\LgymApi.UnitTests\ServiceTransactionBehaviorTests.cs(320,51): error CS0535: 'Element „ServiceTransactionBehaviorTests.ExerciseRepositoryStub” nie implementuje składowej interfejsu „IExerciseRepository.FindByIdAsync(Id<Exercise>, CancellationToken)” [C:\code\LGYM-APP-APIv3\LgymApi.UnitTests\LgymApi.UnitTests.csproj]
C:\code\LGYM-APP-APIv3\LgymApi.UnitTests\ServiceTransactionBehaviorTests.cs(320,51): error CS0535: 'Element „ServiceTransactionBehaviorTests.ExerciseRepositoryStub” nie implementuje składowej interfejsu „IExerciseRepository.GetAllForUserAsync(Id<User>, CancellationToken)” [C:\code\LGYM-APP-APIv3\LgymApi.UnitTests\LgymApi.UnitTests.csproj]
C:\code\LGYM-APP-APIv3\LgymApi.UnitTests\ServiceTransactionBehaviorTests.cs(320,51): error CS0535: 'Element „ServiceTransactionBehaviorTests.ExerciseRepositoryStub” nie implementuje składowej interfejsu „IExerciseRepository.GetUserExercisesAsync(Id<User>, CancellationToken)” [C:\code\LGYM-APP-APIv3\LgymApi.UnitTests\LgymApi.UnitTests.csproj]
C:\code\LGYM-APP-APIv3\LgymApi.UnitTests\ServiceTransactionBehaviorTests.cs(320,51): error CS0535: 'Element „ServiceTransactionBehaviorTests.ExerciseRepositoryStub” nie implementuje składowej interfejsu „IExerciseRepository.GetByBodyPartAsync(Id<User>, BodyParts, CancellationToken)” [C:\code\LGYM-APP-APIv3\LgymApi.UnitTests\LgymApi.UnitTests.csproj]
C:\code\LGYM-APP-APIv3\LgymApi.UnitTests\ServiceTransactionBehaviorTests.cs(320,51): error CS0535: 'Element „ServiceTransactionBehaviorTests.ExerciseRepositoryStub” nie implementuje składowej interfejsu „IExerciseRepository.GetByIdsAsync(List<Id<Exercise>>, CancellationToken)” [C:\code\LGYM-APP-APIv3\LgymApi.UnitTests\LgymApi.UnitTests.csproj]
C:\code\LGYM-APP-APIv3\LgymApi.UnitTests\ServiceTransactionBehaviorTests.cs(320,51): error CS0535: 'Element „ServiceTransactionBehaviorTests.ExerciseRepositoryStub” nie implementuje składowej interfejsu „IExerciseRepository.GetTranslationsAsync(IEnumerable<Id<Exercise>>, IReadOnlyList<string>, CancellationToken)” [C:\code\LGYM-APP-APIv3\LgymApi.UnitTests\LgymApi.UnitTests.csproj]
C:\code\LGYM-APP-APIv3\LgymApi.UnitTests\ServiceTransactionBehaviorTests.cs(320,51): error CS0535: 'Element „ServiceTransactionBehaviorTests.ExerciseRepositoryStub” nie implementuje składowej interfejsu „IExerciseRepository.UpsertTranslationAsync(Id<Exercise>, string, string, CancellationToken)” [C:\code\LGYM-APP-APIv3\LgymApi.UnitTests\LgymApi.UnitTests.csproj]
C:\code\LGYM-APP-APIv3\LgymApi.UnitTests\ServiceTransactionBehaviorTests.cs(334,51): error CS0535: 'Element „ServiceTransactionBehaviorTests.TrainingRepositoryStub” nie implementuje składowej interfejsu „ITrainingRepository.GetByIdAsync(Id<Training>, CancellationToken)” [C:\code\LGYM-APP-APIv3\LgymApi.UnitTests\LgymApi.UnitTests.csproj]
C:\code\LGYM-APP-APIv3\LgymApi.UnitTests\ServiceTransactionBehaviorTests.cs(334,51): error CS0535: 'Element „ServiceTransactionBehaviorTests.TrainingRepositoryStub” nie implementuje składowej interfejsu „ITrainingRepository.GetLastByUserIdAsync(Id<User>, CancellationToken)” [C:\code\LGYM-APP-APIv3\LgymApi.UnitTests\LgymApi.UnitTests.csproj]
C:\code\LGYM-APP-APIv3\LgymApi.UnitTests\ServiceTransactionBehaviorTests.cs(334,51): error CS0535: 'Element „ServiceTransactionBehaviorTests.TrainingRepositoryStub” nie implementuje składowej interfejsu „ITrainingRepository.GetByUserIdAndDateAsync(Id<User>, DateTimeOffset, DateTimeOffset, CancellationToken)” [C:\code\LGYM-APP-APIv3\LgymApi.UnitTests\LgymApi.UnitTests.csproj]
C:\code\LGYM-APP-APIv3\LgymApi.UnitTests\ServiceTransactionBehaviorTests.cs(334,51): error CS0535: 'Element „ServiceTransactionBehaviorTests.TrainingRepositoryStub” nie implementuje składowej interfejsu „ITrainingRepository.GetDatesByUserIdAsync(Id<User>, CancellationToken)” [C:\code\LGYM-APP-APIv3\LgymApi.UnitTests\LgymApi.UnitTests.csproj]
C:\code\LGYM-APP-APIv3\LgymApi.UnitTests\ServiceTransactionBehaviorTests.cs(334,51): error CS0535: 'Element „ServiceTransactionBehaviorTests.TrainingRepositoryStub” nie implementuje składowej interfejsu „ITrainingRepository.GetByGymIdsAsync(List<Id<Gym>>, CancellationToken)” [C:\code\LGYM-APP-APIv3\LgymApi.UnitTests\LgymApi.UnitTests.csproj]
C:\code\LGYM-APP-APIv3\LgymApi.UnitTests\ServiceTransactionBehaviorTests.cs(334,51): error CS0535: 'Element „ServiceTransactionBehaviorTests.TrainingRepositoryStub” nie implementuje składowej interfejsu „ITrainingRepository.GetByPlanDayIdsAsync(List<Id<PlanDay>>, CancellationToken)” [C:\code\LGYM-APP-APIv3\LgymApi.UnitTests\LgymApi.UnitTests.csproj]

Kompilacja NIE POWIODŁA SIĘ.

C:\code\LGYM-APP-APIv3\LgymApi.UnitTests\LgymApi.UnitTests.csproj : warning NU1902: Pakiet „MimeKit” 4.14.0 ma znane umiarkowana luki w zabezpieczeniach o ważności, https://github.com/advisories/GHSA-g7hc-96xr-gvvx
C:\code\LGYM-APP-APIv3\LgymApi.Infrastructure\LgymApi.Infrastructure.csproj : warning NU1902: Pakiet „MimeKit” 4.14.0 ma znane umiarkowana luki w zabezpieczeniach o ważności, https://github.com/advisories/GHSA-g7hc-96xr-gvvx
C:\code\LGYM-APP-APIv3\LgymApi.TestUtils\LgymApi.TestUtils.csproj : warning NU1902: Pakiet „MimeKit” 4.14.0 ma znane umiarkowana luki w zabezpieczeniach o ważności, https://github.com/advisories/GHSA-g7hc-96xr-gvvx
C:\code\LGYM-APP-APIv3\LgymApi.Api\LgymApi.Api.csproj : warning NU1902: Pakiet „MimeKit” 4.14.0 ma znane umiarkowana luki w zabezpieczeniach o ważności, https://github.com/advisories/GHSA-g7hc-96xr-gvvx
C:\code\LGYM-APP-APIv3\LgymApi.UnitTests\ExerciseServiceTests.cs(52,77): error CS0246: Nie można znaleźć nazwy typu lub przestrzeni nazw „Id<>” (brak dyrektywy using lub odwołania do zestawu?) [C:\code\LGYM-APP-APIv3\LgymApi.UnitTests\LgymApi.UnitTests.csproj]
C:\code\LGYM-APP-APIv3\LgymApi.UnitTests\ExerciseServiceTests.cs(52,94): error CS0246: Nie można znaleźć nazwy typu lub przestrzeni nazw „Id<>” (brak dyrektywy using lub odwołania do zestawu?) [C:\code\LGYM-APP-APIv3\LgymApi.UnitTests\LgymApi.UnitTests.csproj]
C:\code\LGYM-APP-APIv3\LgymApi.UnitTests\ExerciseServiceTests.cs(52,119): error CS0246: Nie można znaleźć nazwy typu lub przestrzeni nazw „Id<>” (brak dyrektywy using lub odwołania do zestawu?) [C:\code\LGYM-APP-APIv3\LgymApi.UnitTests\LgymApi.UnitTests.csproj]
C:\code\LGYM-APP-APIv3\LgymApi.UnitTests\ExerciseServiceTests.cs(62,72): error CS0246: Nie można znaleźć nazwy typu lub przestrzeni nazw „Id<>” (brak dyrektywy using lub odwołania do zestawu?) [C:\code\LGYM-APP-APIv3\LgymApi.UnitTests\LgymApi.UnitTests.csproj]
C:\code\LGYM-APP-APIv3\LgymApi.UnitTests\ExerciseServiceTests.cs(62,89): error CS0246: Nie można znaleźć nazwy typu lub przestrzeni nazw „Id<>” (brak dyrektywy using lub odwołania do zestawu?) [C:\code\LGYM-APP-APIv3\LgymApi.UnitTests\LgymApi.UnitTests.csproj]
C:\code\LGYM-APP-APIv3\LgymApi.UnitTests\ExerciseServiceTests.cs(62,126): error CS0246: Nie można znaleźć nazwy typu lub przestrzeni nazw „Id<>” (brak dyrektywy using lub odwołania do zestawu?) [C:\code\LGYM-APP-APIv3\LgymApi.UnitTests\LgymApi.UnitTests.csproj]
C:\code\LGYM-APP-APIv3\LgymApi.UnitTests\ExerciseServiceTests.cs(58,61): error CS0246: Nie można znaleźć nazwy typu lub przestrzeni nazw „Id<>” (brak dyrektywy using lub odwołania do zestawu?) [C:\code\LGYM-APP-APIv3\LgymApi.UnitTests\LgymApi.UnitTests.csproj]
C:\code\LGYM-APP-APIv3\LgymApi.UnitTests\ExerciseServiceTests.cs(59,68): error CS0246: Nie można znaleźć nazwy typu lub przestrzeni nazw „Id<>” (brak dyrektywy using lub odwołania do zestawu?) [C:\code\LGYM-APP-APIv3\LgymApi.UnitTests\LgymApi.UnitTests.csproj]
C:\code\LGYM-APP-APIv3\LgymApi.UnitTests\ExerciseServiceTests.cs(59,85): error CS0246: Nie można znaleźć nazwy typu lub przestrzeni nazw „Id<>” (brak dyrektywy using lub odwołania do zestawu?) [C:\code\LGYM-APP-APIv3\LgymApi.UnitTests\LgymApi.UnitTests.csproj]
C:\code\LGYM-APP-APIv3\LgymApi.UnitTests\ExerciseServiceTests.cs(60,74): error CS0246: Nie można znaleźć nazwy typu lub przestrzeni nazw „Id<>” (brak dyrektywy using lub odwołania do zestawu?) [C:\code\LGYM-APP-APIv3\LgymApi.UnitTests\LgymApi.UnitTests.csproj]
C:\code\LGYM-APP-APIv3\LgymApi.UnitTests\ExerciseServiceTests.cs(60,91): error CS0246: Nie można znaleźć nazwy typu lub przestrzeni nazw „Id<>” (brak dyrektywy using lub odwołania do zestawu?) [C:\code\LGYM-APP-APIv3\LgymApi.UnitTests\LgymApi.UnitTests.csproj]
C:\code\LGYM-APP-APIv3\LgymApi.UnitTests\ExerciseServiceTests.cs(60,116): error CS0246: Nie można znaleźć nazwy typu lub przestrzeni nazw „Id<>” (brak dyrektywy using lub odwołania do zestawu?) [C:\code\LGYM-APP-APIv3\LgymApi.UnitTests\LgymApi.UnitTests.csproj]
C:\code\LGYM-APP-APIv3\LgymApi.UnitTests\ExerciseServiceTests.cs(61,69): error CS0246: Nie można znaleźć nazwy typu lub przestrzeni nazw „Id<>” (brak dyrektywy using lub odwołania do zestawu?) [C:\code\LGYM-APP-APIv3\LgymApi.UnitTests\LgymApi.UnitTests.csproj]
C:\code\LGYM-APP-APIv3\LgymApi.UnitTests\ExerciseServiceTests.cs(61,91): error CS0246: Nie można znaleźć nazwy typu lub przestrzeni nazw „Id<>” (brak dyrektywy using lub odwołania do zestawu?) [C:\code\LGYM-APP-APIv3\LgymApi.UnitTests\LgymApi.UnitTests.csproj]
C:\code\LGYM-APP-APIv3\LgymApi.UnitTests\ExerciseServiceTests.cs(63,55): error CS0246: Nie można znaleźć nazwy typu lub przestrzeni nazw „Id<>” (brak dyrektywy using lub odwołania do zestawu?) [C:\code\LGYM-APP-APIv3\LgymApi.UnitTests\LgymApi.UnitTests.csproj]
C:\code\LGYM-APP-APIv3\LgymApi.UnitTests\ExerciseServiceTests.cs(63,72): error CS0246: Nie można znaleźć nazwy typu lub przestrzeni nazw „Id<>” (brak dyrektywy using lub odwołania do zestawu?) [C:\code\LGYM-APP-APIv3\LgymApi.UnitTests\LgymApi.UnitTests.csproj]
C:\code\LGYM-APP-APIv3\LgymApi.UnitTests\ExerciseServiceTests.cs(79,46): error CS0246: Nie można znaleźć nazwy typu lub przestrzeni nazw „Id<>” (brak dyrektywy using lub odwołania do zestawu?) [C:\code\LGYM-APP-APIv3\LgymApi.UnitTests\LgymApi.UnitTests.csproj]
C:\code\LGYM-APP-APIv3\LgymApi.UnitTests\ExerciseServiceTests.cs(80,56): error CS0246: Nie można znaleźć nazwy typu lub przestrzeni nazw „Id<>” (brak dyrektywy using lub odwołania do zestawu?) [C:\code\LGYM-APP-APIv3\LgymApi.UnitTests\LgymApi.UnitTests.csproj]
C:\code\LGYM-APP-APIv3\LgymApi.UnitTests\ExerciseServiceTests.cs(82,59): error CS0246: Nie można znaleźć nazwy typu lub przestrzeni nazw „Id<>” (brak dyrektywy using lub odwołania do zestawu?) [C:\code\LGYM-APP-APIv3\LgymApi.UnitTests\LgymApi.UnitTests.csproj]
C:\code\LGYM-APP-APIv3\LgymApi.UnitTests\ExerciseServiceTests.cs(83,56): error CS0246: Nie można znaleźć nazwy typu lub przestrzeni nazw „Id<>” (brak dyrektywy using lub odwołania do zestawu?) [C:\code\LGYM-APP-APIv3\LgymApi.UnitTests\LgymApi.UnitTests.csproj]
C:\code\LGYM-APP-APIv3\LgymApi.UnitTests\ExerciseServiceTests.cs(84,56): error CS0246: Nie można znaleźć nazwy typu lub przestrzeni nazw „Id<>” (brak dyrektywy using lub odwołania do zestawu?) [C:\code\LGYM-APP-APIv3\LgymApi.UnitTests\LgymApi.UnitTests.csproj]
C:\code\LGYM-APP-APIv3\LgymApi.UnitTests\ExerciseServiceTests.cs(85,88): error CS0246: Nie można znaleźć nazwy typu lub przestrzeni nazw „Id<>” (brak dyrektywy using lub odwołania do zestawu?) [C:\code\LGYM-APP-APIv3\LgymApi.UnitTests\LgymApi.UnitTests.csproj]
C:\code\LGYM-APP-APIv3\LgymApi.UnitTests\ExerciseServiceTests.cs(85,32): error CS0246: Nie można znaleźć nazwy typu lub przestrzeni nazw „Id<>” (brak dyrektywy using lub odwołania do zestawu?) [C:\code\LGYM-APP-APIv3\LgymApi.UnitTests\LgymApi.UnitTests.csproj]
C:\code\LGYM-APP-APIv3\LgymApi.UnitTests\ExerciseServiceTests.cs(86,44): error CS0246: Nie można znaleźć nazwy typu lub przestrzeni nazw „Id<>” (brak dyrektywy using lub odwołania do zestawu?) [C:\code\LGYM-APP-APIv3\LgymApi.UnitTests\LgymApi.UnitTests.csproj]
C:\code\LGYM-APP-APIv3\LgymApi.UnitTests\ExerciseServiceTests.cs(43,56): error CS0535: 'Element „ExerciseServiceTests.StubExerciseScoreRepository” nie implementuje składowej interfejsu „IExerciseScoreRepository.GetByIdsAsync(List<Id<ExerciseScore>>, CancellationToken)” [C:\code\LGYM-APP-APIv3\LgymApi.UnitTests\LgymApi.UnitTests.csproj]
C:\code\LGYM-APP-APIv3\LgymApi.UnitTests\ExerciseServiceTests.cs(43,56): error CS0535: 'Element „ExerciseServiceTests.StubExerciseScoreRepository” nie implementuje składowej interfejsu „IExerciseScoreRepository.GetByUserAndExerciseAsync(Id<User>, Id<Exercise>, CancellationToken)” [C:\code\LGYM-APP-APIv3\LgymApi.UnitTests\LgymApi.UnitTests.csproj]
C:\code\LGYM-APP-APIv3\LgymApi.UnitTests\ExerciseServiceTests.cs(43,56): error CS0535: 'Element „ExerciseServiceTests.StubExerciseScoreRepository” nie implementuje składowej interfejsu „IExerciseScoreRepository.GetByUserAndExerciseAndGymAsync(Id<User>, Id<Exercise>, Id<Gym>?, CancellationToken)” [C:\code\LGYM-APP-APIv3\LgymApi.UnitTests\LgymApi.UnitTests.csproj]
C:\code\LGYM-APP-APIv3\LgymApi.UnitTests\ExerciseServiceTests.cs(43,56): error CS0535: 'Element „ExerciseServiceTests.StubExerciseScoreRepository” nie implementuje składowej interfejsu „IExerciseScoreRepository.GetByUserAndExercisesAsync(Id<User>, List<Id<Exercise>>, CancellationToken)” [C:\code\LGYM-APP-APIv3\LgymApi.UnitTests\LgymApi.UnitTests.csproj]
C:\code\LGYM-APP-APIv3\LgymApi.UnitTests\ExerciseServiceTests.cs(43,56): error CS0535: 'Element „ExerciseServiceTests.StubExerciseScoreRepository” nie implementuje składowej interfejsu „IExerciseScoreRepository.GetLatestByUserExerciseSeriesAsync(Id<User>, Id<Exercise>, Id<Gym>?, CancellationToken)” [C:\code\LGYM-APP-APIv3\LgymApi.UnitTests\LgymApi.UnitTests.csproj]
C:\code\LGYM-APP-APIv3\LgymApi.UnitTests\ExerciseServiceTests.cs(43,56): error CS0535: 'Element „ExerciseServiceTests.StubExerciseScoreRepository” nie implementuje składowej interfejsu „IExerciseScoreRepository.GetLatestByUserExerciseSeriesAsync(Id<User>, Id<Exercise>, int, Id<Gym>?, CancellationToken)” [C:\code\LGYM-APP-APIv3\LgymApi.UnitTests\LgymApi.UnitTests.csproj]
C:\code\LGYM-APP-APIv3\LgymApi.UnitTests\ExerciseServiceTests.cs(43,56): error CS0535: 'Element „ExerciseServiceTests.StubExerciseScoreRepository” nie implementuje składowej interfejsu „IExerciseScoreRepository.GetBestScoreAsync(Id<User>, Id<Exercise>, CancellationToken)” [C:\code\LGYM-APP-APIv3\LgymApi.UnitTests\LgymApi.UnitTests.csproj]
C:\code\LGYM-APP-APIv3\LgymApi.UnitTests\ExerciseServiceTests.cs(77,51): error CS0535: 'Element „ExerciseServiceTests.NoOpExerciseRepository” nie implementuje składowej interfejsu „IExerciseRepository.FindByIdAsync(Id<Exercise>, CancellationToken)” [C:\code\LGYM-APP-APIv3\LgymApi.UnitTests\LgymApi.UnitTests.csproj]
C:\code\LGYM-APP-APIv3\LgymApi.UnitTests\ExerciseServiceTests.cs(77,51): error CS0535: 'Element „ExerciseServiceTests.NoOpExerciseRepository” nie implementuje składowej interfejsu „IExerciseRepository.GetAllForUserAsync(Id<User>, CancellationToken)” [C:\code\LGYM-APP-APIv3\LgymApi.UnitTests\LgymApi.UnitTests.csproj]
C:\code\LGYM-APP-APIv3\LgymApi.UnitTests\ExerciseServiceTests.cs(77,51): error CS0535: 'Element „ExerciseServiceTests.NoOpExerciseRepository” nie implementuje składowej interfejsu „IExerciseRepository.GetUserExercisesAsync(Id<User>, CancellationToken)” [C:\code\LGYM-APP-APIv3\LgymApi.UnitTests\LgymApi.UnitTests.csproj]
C:\code\LGYM-APP-APIv3\LgymApi.UnitTests\ExerciseServiceTests.cs(77,51): error CS0535: 'Element „ExerciseServiceTests.NoOpExerciseRepository” nie implementuje składowej interfejsu „IExerciseRepository.GetByBodyPartAsync(Id<User>, BodyParts, CancellationToken)” [C:\code\LGYM-APP-APIv3\LgymApi.UnitTests\LgymApi.UnitTests.csproj]
C:\code\LGYM-APP-APIv3\LgymApi.UnitTests\ExerciseServiceTests.cs(77,51): error CS0535: 'Element „ExerciseServiceTests.NoOpExerciseRepository” nie implementuje składowej interfejsu „IExerciseRepository.GetByIdsAsync(List<Id<Exercise>>, CancellationToken)” [C:\code\LGYM-APP-APIv3\LgymApi.UnitTests\LgymApi.UnitTests.csproj]
C:\code\LGYM-APP-APIv3\LgymApi.UnitTests\ExerciseServiceTests.cs(77,51): error CS0535: 'Element „ExerciseServiceTests.NoOpExerciseRepository” nie implementuje składowej interfejsu „IExerciseRepository.GetTranslationsAsync(IEnumerable<Id<Exercise>>, IReadOnlyList<string>, CancellationToken)” [C:\code\LGYM-APP-APIv3\LgymApi.UnitTests\LgymApi.UnitTests.csproj]
C:\code\LGYM-APP-APIv3\LgymApi.UnitTests\ExerciseServiceTests.cs(77,51): error CS0535: 'Element „ExerciseServiceTests.NoOpExerciseRepository” nie implementuje składowej interfejsu „IExerciseRepository.UpsertTranslationAsync(Id<Exercise>, string, string, CancellationToken)” [C:\code\LGYM-APP-APIv3\LgymApi.UnitTests\LgymApi.UnitTests.csproj]
C:\code\LGYM-APP-APIv3\LgymApi.UnitTests\UpdateTrainingMainRecordsHandlerTests.cs(921,45): error CS0246: Nie można znaleźć nazwy typu lub przestrzeni nazw „Id<>” (brak dyrektywy using lub odwołania do zestawu?) [C:\code\LGYM-APP-APIv3\LgymApi.UnitTests\LgymApi.UnitTests.csproj]
C:\code\LGYM-APP-APIv3\LgymApi.UnitTests\UpdateTrainingMainRecordsHandlerTests.cs(927,53): error CS0246: Nie można znaleźć nazwy typu lub przestrzeni nazw „Id<>” (brak dyrektywy using lub odwołania do zestawu?) [C:\code\LGYM-APP-APIv3\LgymApi.UnitTests\LgymApi.UnitTests.csproj]
C:\code\LGYM-APP-APIv3\LgymApi.UnitTests\UpdateTrainingMainRecordsHandlerTests.cs(930,61): error CS0246: Nie można znaleźć nazwy typu lub przestrzeni nazw „Id<>” (brak dyrektywy using lub odwołania do zestawu?) [C:\code\LGYM-APP-APIv3\LgymApi.UnitTests\LgymApi.UnitTests.csproj]
C:\code\LGYM-APP-APIv3\LgymApi.UnitTests\UpdateTrainingMainRecordsHandlerTests.cs(933,65): error CS0246: Nie można znaleźć nazwy typu lub przestrzeni nazw „Id<>” (brak dyrektywy using lub odwołania do zestawu?) [C:\code\LGYM-APP-APIv3\LgymApi.UnitTests\LgymApi.UnitTests.csproj]
C:\code\LGYM-APP-APIv3\LgymApi.UnitTests\UpdateTrainingMainRecordsHandlerTests.cs(936,59): error CS0246: Nie można znaleźć nazwy typu lub przestrzeni nazw „Id<>” (brak dyrektywy using lub odwołania do zestawu?) [C:\code\LGYM-APP-APIv3\LgymApi.UnitTests\LgymApi.UnitTests.csproj]
C:\code\LGYM-APP-APIv3\LgymApi.UnitTests\TrainingCompletedEmailCommandHandlerTests.cs(622,45): error CS0246: Nie można znaleźć nazwy typu lub przestrzeni nazw „Id<>” (brak dyrektywy using lub odwołania do zestawu?) [C:\code\LGYM-APP-APIv3\LgymApi.UnitTests\LgymApi.UnitTests.csproj]
C:\code\LGYM-APP-APIv3\LgymApi.UnitTests\UpdateTrainingMainRecordsHandlerTests.cs(939,63): error CS0246: Nie można znaleźć nazwy typu lub przestrzeni nazw „Id<>” (brak dyrektywy using lub odwołania do zestawu?) [C:\code\LGYM-APP-APIv3\LgymApi.UnitTests\LgymApi.UnitTests.csproj]
C:\code\LGYM-APP-APIv3\LgymApi.UnitTests\TrainingCompletedEmailCommandHandlerTests.cs(628,53): error CS0246: Nie można znaleźć nazwy typu lub przestrzeni nazw „Id<>” (brak dyrektywy using lub odwołania do zestawu?) [C:\code\LGYM-APP-APIv3\LgymApi.UnitTests\LgymApi.UnitTests.csproj]
C:\code\LGYM-APP-APIv3\LgymApi.UnitTests\UpdateTrainingMainRecordsHandlerTests.cs(948,18): error CS0246: Nie można znaleźć nazwy typu lub przestrzeni nazw „Id<>” (brak dyrektywy using lub odwołania do zestawu?) [C:\code\LGYM-APP-APIv3\LgymApi.UnitTests\LgymApi.UnitTests.csproj]
C:\code\LGYM-APP-APIv3\LgymApi.UnitTests\TrainingCompletedEmailCommandHandlerTests.cs(631,61): error CS0246: Nie można znaleźć nazwy typu lub przestrzeni nazw „Id<>” (brak dyrektywy using lub odwołania do zestawu?) [C:\code\LGYM-APP-APIv3\LgymApi.UnitTests\LgymApi.UnitTests.csproj]
C:\code\LGYM-APP-APIv3\LgymApi.UnitTests\UpdateTrainingMainRecordsHandlerTests.cs(961,18): error CS0246: Nie można znaleźć nazwy typu lub przestrzeni nazw „Id<>” (brak dyrektywy using lub odwołania do zestawu?) [C:\code\LGYM-APP-APIv3\LgymApi.UnitTests\LgymApi.UnitTests.csproj]
C:\code\LGYM-APP-APIv3\LgymApi.UnitTests\TrainingCompletedEmailCommandHandlerTests.cs(634,65): error CS0246: Nie można znaleźć nazwy typu lub przestrzeni nazw „Id<>” (brak dyrektywy using lub odwołania do zestawu?) [C:\code\LGYM-APP-APIv3\LgymApi.UnitTests\LgymApi.UnitTests.csproj]
C:\code\LGYM-APP-APIv3\LgymApi.UnitTests\TrainingCompletedEmailCommandHandlerTests.cs(637,59): error CS0246: Nie można znaleźć nazwy typu lub przestrzeni nazw „Id<>” (brak dyrektywy using lub odwołania do zestawu?) [C:\code\LGYM-APP-APIv3\LgymApi.UnitTests\LgymApi.UnitTests.csproj]
C:\code\LGYM-APP-APIv3\LgymApi.UnitTests\UpdateTrainingMainRecordsHandlerTests.cs(968,68): error CS0246: Nie można znaleźć nazwy typu lub przestrzeni nazw „Id<>” (brak dyrektywy using lub odwołania do zestawu?) [C:\code\LGYM-APP-APIv3\LgymApi.UnitTests\LgymApi.UnitTests.csproj]
C:\code\LGYM-APP-APIv3\LgymApi.UnitTests\UpdateTrainingMainRecordsHandlerTests.cs(968,85): error CS0246: Nie można znaleźć nazwy typu lub przestrzeni nazw „Id<>” (brak dyrektywy using lub odwołania do zestawu?) [C:\code\LGYM-APP-APIv3\LgymApi.UnitTests\LgymApi.UnitTests.csproj]
C:\code\LGYM-APP-APIv3\LgymApi.UnitTests\TrainingCompletedEmailCommandHandlerTests.cs(640,63): error CS0246: Nie można znaleźć nazwy typu lub przestrzeni nazw „Id<>” (brak dyrektywy using lub odwołania do zestawu?) [C:\code\LGYM-APP-APIv3\LgymApi.UnitTests\LgymApi.UnitTests.csproj]
C:\code\LGYM-APP-APIv3\LgymApi.UnitTests\TrainingCompletedEmailCommandHandlerTests.cs(649,18): error CS0246: Nie można znaleźć nazwy typu lub przestrzeni nazw „Id<>” (brak dyrektywy using lub odwołania do zestawu?) [C:\code\LGYM-APP-APIv3\LgymApi.UnitTests\LgymApi.UnitTests.csproj]
C:\code\LGYM-APP-APIv3\LgymApi.UnitTests\UpdateTrainingMainRecordsHandlerTests.cs(971,74): error CS0246: Nie można znaleźć nazwy typu lub przestrzeni nazw „Id<>” (brak dyrektywy using lub odwołania do zestawu?) [C:\code\LGYM-APP-APIv3\LgymApi.UnitTests\LgymApi.UnitTests.csproj]
C:\code\LGYM-APP-APIv3\LgymApi.UnitTests\UpdateTrainingMainRecordsHandlerTests.cs(971,91): error CS0246: Nie można znaleźć nazwy typu lub przestrzeni nazw „Id<>” (brak dyrektywy using lub odwołania do zestawu?) [C:\code\LGYM-APP-APIv3\LgymApi.UnitTests\LgymApi.UnitTests.csproj]
C:\code\LGYM-APP-APIv3\LgymApi.UnitTests\UpdateTrainingMainRecordsHandlerTests.cs(971,116): error CS0246: Nie można znaleźć nazwy typu lub przestrzeni nazw „Id<>” (brak dyrektywy using lub odwołania do zestawu?) [C:\code\LGYM-APP-APIv3\LgymApi.UnitTests\LgymApi.UnitTests.csproj]
C:\code\LGYM-APP-APIv3\LgymApi.UnitTests\TrainingCompletedEmailCommandHandlerTests.cs(662,18): error CS0246: Nie można znaleźć nazwy typu lub przestrzeni nazw „Id<>” (brak dyrektywy using lub odwołania do zestawu?) [C:\code\LGYM-APP-APIv3\LgymApi.UnitTests\LgymApi.UnitTests.csproj]
C:\code\LGYM-APP-APIv3\LgymApi.UnitTests\UpdateTrainingMainRecordsHandlerTests.cs(974,69): error CS0246: Nie można znaleźć nazwy typu lub przestrzeni nazw „Id<>” (brak dyrektywy using lub odwołania do zestawu?) [C:\code\LGYM-APP-APIv3\LgymApi.UnitTests\LgymApi.UnitTests.csproj]
C:\code\LGYM-APP-APIv3\LgymApi.UnitTests\UpdateTrainingMainRecordsHandlerTests.cs(974,91): error CS0246: Nie można znaleźć nazwy typu lub przestrzeni nazw „Id<>” (brak dyrektywy using lub odwołania do zestawu?) [C:\code\LGYM-APP-APIv3\LgymApi.UnitTests\LgymApi.UnitTests.csproj]
C:\code\LGYM-APP-APIv3\LgymApi.UnitTests\TrainingCompletedEmailCommandHandlerTests.cs(669,68): error CS0246: Nie można znaleźć nazwy typu lub przestrzeni nazw „Id<>” (brak dyrektywy using lub odwołania do zestawu?) [C:\code\LGYM-APP-APIv3\LgymApi.UnitTests\LgymApi.UnitTests.csproj]
C:\code\LGYM-APP-APIv3\LgymApi.UnitTests\TrainingCompletedEmailCommandHandlerTests.cs(669,85): error CS0246: Nie można znaleźć nazwy typu lub przestrzeni nazw „Id<>” (brak dyrektywy using lub odwołania do zestawu?) [C:\code\LGYM-APP-APIv3\LgymApi.UnitTests\LgymApi.UnitTests.csproj]
C:\code\LGYM-APP-APIv3\LgymApi.UnitTests\UpdateTrainingMainRecordsHandlerTests.cs(977,77): error CS0246: Nie można znaleźć nazwy typu lub przestrzeni nazw „Id<>” (brak dyrektywy using lub odwołania do zestawu?) [C:\code\LGYM-APP-APIv3\LgymApi.UnitTests\LgymApi.UnitTests.csproj]
C:\code\LGYM-APP-APIv3\LgymApi.UnitTests\UpdateTrainingMainRecordsHandlerTests.cs(977,94): error CS0246: Nie można znaleźć nazwy typu lub przestrzeni nazw „Id<>” (brak dyrektywy using lub odwołania do zestawu?) [C:\code\LGYM-APP-APIv3\LgymApi.UnitTests\LgymApi.UnitTests.csproj]
C:\code\LGYM-APP-APIv3\LgymApi.UnitTests\UpdateTrainingMainRecordsHandlerTests.cs(977,119): error CS0246: Nie można znaleźć nazwy typu lub przestrzeni nazw „Id<>” (brak dyrektywy using lub odwołania do zestawu?) [C:\code\LGYM-APP-APIv3\LgymApi.UnitTests\LgymApi.UnitTests.csproj]
C:\code\LGYM-APP-APIv3\LgymApi.UnitTests\TrainingCompletedEmailCommandHandlerTests.cs(672,74): error CS0246: Nie można znaleźć nazwy typu lub przestrzeni nazw „Id<>” (brak dyrektywy using lub odwołania do zestawu?) [C:\code\LGYM-APP-APIv3\LgymApi.UnitTests\LgymApi.UnitTests.csproj]
C:\code\LGYM-APP-APIv3\LgymApi.UnitTests\TrainingCompletedEmailCommandHandlerTests.cs(672,91): error CS0246: Nie można znaleźć nazwy typu lub przestrzeni nazw „Id<>” (brak dyrektywy using lub odwołania do zestawu?) [C:\code\LGYM-APP-APIv3\LgymApi.UnitTests\LgymApi.UnitTests.csproj]
C:\code\LGYM-APP-APIv3\LgymApi.UnitTests\TrainingCompletedEmailCommandHandlerTests.cs(672,116): error CS0246: Nie można znaleźć nazwy typu lub przestrzeni nazw „Id<>” (brak dyrektywy using lub odwołania do zestawu?) [C:\code\LGYM-APP-APIv3\LgymApi.UnitTests\LgymApi.UnitTests.csproj]
C:\code\LGYM-APP-APIv3\LgymApi.UnitTests\UpdateTrainingMainRecordsHandlerTests.cs(980,72): error CS0246: Nie można znaleźć nazwy typu lub przestrzeni nazw „Id<>” (brak dyrektywy using lub odwołania do zestawu?) [C:\code\LGYM-APP-APIv3\LgymApi.UnitTests\LgymApi.UnitTests.csproj]
C:\code\LGYM-APP-APIv3\LgymApi.UnitTests\UpdateTrainingMainRecordsHandlerTests.cs(980,89): error CS0246: Nie można znaleźć nazwy typu lub przestrzeni nazw „Id<>” (brak dyrektywy using lub odwołania do zestawu?) [C:\code\LGYM-APP-APIv3\LgymApi.UnitTests\LgymApi.UnitTests.csproj]
C:\code\LGYM-APP-APIv3\LgymApi.UnitTests\UpdateTrainingMainRecordsHandlerTests.cs(980,126): error CS0246: Nie można znaleźć nazwy typu lub przestrzeni nazw „Id<>” (brak dyrektywy using lub odwołania do zestawu?) [C:\code\LGYM-APP-APIv3\LgymApi.UnitTests\LgymApi.UnitTests.csproj]
C:\code\LGYM-APP-APIv3\LgymApi.UnitTests\TrainingCompletedEmailCommandHandlerTests.cs(675,69): error CS0246: Nie można znaleźć nazwy typu lub przestrzeni nazw „Id<>” (brak dyrektywy using lub odwołania do zestawu?) [C:\code\LGYM-APP-APIv3\LgymApi.UnitTests\LgymApi.UnitTests.csproj]
C:\code\LGYM-APP-APIv3\LgymApi.UnitTests\TrainingCompletedEmailCommandHandlerTests.cs(675,91): error CS0246: Nie można znaleźć nazwy typu lub przestrzeni nazw „Id<>” (brak dyrektywy using lub odwołania do zestawu?) [C:\code\LGYM-APP-APIv3\LgymApi.UnitTests\LgymApi.UnitTests.csproj]
C:\code\LGYM-APP-APIv3\LgymApi.UnitTests\UpdateTrainingMainRecordsHandlerTests.cs(983,55): error CS0246: Nie można znaleźć nazwy typu lub przestrzeni nazw „Id<>” (brak dyrektywy using lub odwołania do zestawu?) [C:\code\LGYM-APP-APIv3\LgymApi.UnitTests\LgymApi.UnitTests.csproj]
C:\code\LGYM-APP-APIv3\LgymApi.UnitTests\UpdateTrainingMainRecordsHandlerTests.cs(983,72): error CS0246: Nie można znaleźć nazwy typu lub przestrzeni nazw „Id<>” (brak dyrektywy using lub odwołania do zestawu?) [C:\code\LGYM-APP-APIv3\LgymApi.UnitTests\LgymApi.UnitTests.csproj]
C:\code\LGYM-APP-APIv3\LgymApi.UnitTests\TrainingCompletedEmailCommandHandlerTests.cs(678,77): error CS0246: Nie można znaleźć nazwy typu lub przestrzeni nazw „Id<>” (brak dyrektywy using lub odwołania do zestawu?) [C:\code\LGYM-APP-APIv3\LgymApi.UnitTests\LgymApi.UnitTests.csproj]
C:\code\LGYM-APP-APIv3\LgymApi.UnitTests\TrainingCompletedEmailCommandHandlerTests.cs(678,94): error CS0246: Nie można znaleźć nazwy typu lub przestrzeni nazw „Id<>” (brak dyrektywy using lub odwołania do zestawu?) [C:\code\LGYM-APP-APIv3\LgymApi.UnitTests\LgymApi.UnitTests.csproj]
C:\code\LGYM-APP-APIv3\LgymApi.UnitTests\TrainingCompletedEmailCommandHandlerTests.cs(678,119): error CS0246: Nie można znaleźć nazwy typu lub przestrzeni nazw „Id<>” (brak dyrektywy using lub odwołania do zestawu?) [C:\code\LGYM-APP-APIv3\LgymApi.UnitTests\LgymApi.UnitTests.csproj]
C:\code\LGYM-APP-APIv3\LgymApi.UnitTests\TrainingCompletedEmailCommandHandlerTests.cs(681,72): error CS0246: Nie można znaleźć nazwy typu lub przestrzeni nazw „Id<>” (brak dyrektywy using lub odwołania do zestawu?) [C:\code\LGYM-APP-APIv3\LgymApi.UnitTests\LgymApi.UnitTests.csproj]
C:\code\LGYM-APP-APIv3\LgymApi.UnitTests\TrainingCompletedEmailCommandHandlerTests.cs(681,89): error CS0246: Nie można znaleźć nazwy typu lub przestrzeni nazw „Id<>” (brak dyrektywy using lub odwołania do zestawu?) [C:\code\LGYM-APP-APIv3\LgymApi.UnitTests\LgymApi.UnitTests.csproj]
C:\code\LGYM-APP-APIv3\LgymApi.UnitTests\TrainingCompletedEmailCommandHandlerTests.cs(681,126): error CS0246: Nie można znaleźć nazwy typu lub przestrzeni nazw „Id<>” (brak dyrektywy using lub odwołania do zestawu?) [C:\code\LGYM-APP-APIv3\LgymApi.UnitTests\LgymApi.UnitTests.csproj]
C:\code\LGYM-APP-APIv3\LgymApi.UnitTests\UpdateTrainingMainRecordsHandlerTests.cs(917,51): error CS0535: 'Element „UpdateTrainingMainRecordsHandlerTests.TestTrainingRepository” nie implementuje składowej interfejsu „ITrainingRepository.GetByIdAsync(Id<Training>, CancellationToken)” [C:\code\LGYM-APP-APIv3\LgymApi.UnitTests\LgymApi.UnitTests.csproj]
C:\code\LGYM-APP-APIv3\LgymApi.UnitTests\UpdateTrainingMainRecordsHandlerTests.cs(917,51): error CS0535: 'Element „UpdateTrainingMainRecordsHandlerTests.TestTrainingRepository” nie implementuje składowej interfejsu „ITrainingRepository.GetLastByUserIdAsync(Id<User>, CancellationToken)” [C:\code\LGYM-APP-APIv3\LgymApi.UnitTests\LgymApi.UnitTests.csproj]
C:\code\LGYM-APP-APIv3\LgymApi.UnitTests\UpdateTrainingMainRecordsHandlerTests.cs(917,51): error CS0535: 'Element „UpdateTrainingMainRecordsHandlerTests.TestTrainingRepository” nie implementuje składowej interfejsu „ITrainingRepository.GetByUserIdAndDateAsync(Id<User>, DateTimeOffset, DateTimeOffset, CancellationToken)” [C:\code\LGYM-APP-APIv3\LgymApi.UnitTests\LgymApi.UnitTests.csproj]
C:\code\LGYM-APP-APIv3\LgymApi.UnitTests\UpdateTrainingMainRecordsHandlerTests.cs(917,51): error CS0535: 'Element „UpdateTrainingMainRecordsHandlerTests.TestTrainingRepository” nie implementuje składowej interfejsu „ITrainingRepository.GetDatesByUserIdAsync(Id<User>, CancellationToken)” [C:\code\LGYM-APP-APIv3\LgymApi.UnitTests\LgymApi.UnitTests.csproj]
C:\code\LGYM-APP-APIv3\LgymApi.UnitTests\UpdateTrainingMainRecordsHandlerTests.cs(917,51): error CS0535: 'Element „UpdateTrainingMainRecordsHandlerTests.TestTrainingRepository” nie implementuje składowej interfejsu „ITrainingRepository.GetByGymIdsAsync(List<Id<Gym>>, CancellationToken)” [C:\code\LGYM-APP-APIv3\LgymApi.UnitTests\LgymApi.UnitTests.csproj]
C:\code\LGYM-APP-APIv3\LgymApi.UnitTests\UpdateTrainingMainRecordsHandlerTests.cs(917,51): error CS0535: 'Element „UpdateTrainingMainRecordsHandlerTests.TestTrainingRepository” nie implementuje składowej interfejsu „ITrainingRepository.GetByPlanDayIdsAsync(List<Id<PlanDay>>, CancellationToken)” [C:\code\LGYM-APP-APIv3\LgymApi.UnitTests\LgymApi.UnitTests.csproj]
C:\code\LGYM-APP-APIv3\LgymApi.UnitTests\TrainingCompletedEmailCommandHandlerTests.cs(684,55): error CS0246: Nie można znaleźć nazwy typu lub przestrzeni nazw „Id<>” (brak dyrektywy using lub odwołania do zestawu?) [C:\code\LGYM-APP-APIv3\LgymApi.UnitTests\LgymApi.UnitTests.csproj]
C:\code\LGYM-APP-APIv3\LgymApi.UnitTests\TrainingCompletedEmailCommandHandlerTests.cs(684,72): error CS0246: Nie można znaleźć nazwy typu lub przestrzeni nazw „Id<>” (brak dyrektywy using lub odwołania do zestawu?) [C:\code\LGYM-APP-APIv3\LgymApi.UnitTests\LgymApi.UnitTests.csproj]
C:\code\LGYM-APP-APIv3\LgymApi.UnitTests\UpdateTrainingMainRecordsHandlerTests.cs(943,64): error CS0535: 'Element „UpdateTrainingMainRecordsHandlerTests.TestTrainingExerciseScoreRepository” nie implementuje składowej interfejsu „ITrainingExerciseScoreRepository.GetByTrainingIdsAsync(List<Id<Training>>, CancellationToken)” [C:\code\LGYM-APP-APIv3\LgymApi.UnitTests\LgymApi.UnitTests.csproj]
C:\code\LGYM-APP-APIv3\LgymApi.UnitTests\UpdateTrainingMainRecordsHandlerTests.cs(956,56): error CS0535: 'Element „UpdateTrainingMainRecordsHandlerTests.TestExerciseScoreRepository” nie implementuje składowej interfejsu „IExerciseScoreRepository.GetByIdsAsync(List<Id<ExerciseScore>>, CancellationToken)” [C:\code\LGYM-APP-APIv3\LgymApi.UnitTests\LgymApi.UnitTests.csproj]
C:\code\LGYM-APP-APIv3\LgymApi.UnitTests\UpdateTrainingMainRecordsHandlerTests.cs(956,56): error CS0535: 'Element „UpdateTrainingMainRecordsHandlerTests.TestExerciseScoreRepository” nie implementuje składowej interfejsu „IExerciseScoreRepository.GetByUserAndExerciseAsync(Id<User>, Id<Exercise>, CancellationToken)” [C:\code\LGYM-APP-APIv3\LgymApi.UnitTests\LgymApi.UnitTests.csproj]
C:\code\LGYM-APP-APIv3\LgymApi.UnitTests\UpdateTrainingMainRecordsHandlerTests.cs(956,56): error CS0535: 'Element „UpdateTrainingMainRecordsHandlerTests.TestExerciseScoreRepository” nie implementuje składowej interfejsu „IExerciseScoreRepository.GetByUserAndExerciseAndGymAsync(Id<User>, Id<Exercise>, Id<Gym>?, CancellationToken)” [C:\code\LGYM-APP-APIv3\LgymApi.UnitTests\LgymApi.UnitTests.csproj]
C:\code\LGYM-APP-APIv3\LgymApi.UnitTests\UpdateTrainingMainRecordsHandlerTests.cs(956,56): error CS0535: 'Element „UpdateTrainingMainRecordsHandlerTests.TestExerciseScoreRepository” nie implementuje składowej interfejsu „IExerciseScoreRepository.GetByUserAndExercisesAsync(Id<User>, List<Id<Exercise>>, CancellationToken)” [C:\code\LGYM-APP-APIv3\LgymApi.UnitTests\LgymApi.UnitTests.csproj]
C:\code\LGYM-APP-APIv3\LgymApi.UnitTests\UpdateTrainingMainRecordsHandlerTests.cs(956,56): error CS0535: 'Element „UpdateTrainingMainRecordsHandlerTests.TestExerciseScoreRepository” nie implementuje składowej interfejsu „IExerciseScoreRepository.GetLatestByUserExerciseSeriesAsync(Id<User>, Id<Exercise>, Id<Gym>?, CancellationToken)” [C:\code\LGYM-APP-APIv3\LgymApi.UnitTests\LgymApi.UnitTests.csproj]
C:\code\LGYM-APP-APIv3\LgymApi.UnitTests\UpdateTrainingMainRecordsHandlerTests.cs(956,56): error CS0535: 'Element „UpdateTrainingMainRecordsHandlerTests.TestExerciseScoreRepository” nie implementuje składowej interfejsu „IExerciseScoreRepository.GetLatestByUserExerciseSeriesAsync(Id<User>, Id<Exercise>, int, Id<Gym>?, CancellationToken)” [C:\code\LGYM-APP-APIv3\LgymApi.UnitTests\LgymApi.UnitTests.csproj]
C:\code\LGYM-APP-APIv3\LgymApi.UnitTests\UpdateTrainingMainRecordsHandlerTests.cs(956,56): error CS0535: 'Element „UpdateTrainingMainRecordsHandlerTests.TestExerciseScoreRepository” nie implementuje składowej interfejsu „IExerciseScoreRepository.GetBestScoreAsync(Id<User>, Id<Exercise>, CancellationToken)” [C:\code\LGYM-APP-APIv3\LgymApi.UnitTests\LgymApi.UnitTests.csproj]
C:\code\LGYM-APP-APIv3\LgymApi.UnitTests\TrainingCompletedEmailCommandHandlerTests.cs(618,51): error CS0535: 'Element „TrainingCompletedEmailCommandHandlerTests.TestTrainingRepository” nie implementuje składowej interfejsu „ITrainingRepository.GetByIdAsync(Id<Training>, CancellationToken)” [C:\code\LGYM-APP-APIv3\LgymApi.UnitTests\LgymApi.UnitTests.csproj]
C:\code\LGYM-APP-APIv3\LgymApi.UnitTests\TrainingCompletedEmailCommandHandlerTests.cs(618,51): error CS0535: 'Element „TrainingCompletedEmailCommandHandlerTests.TestTrainingRepository” nie implementuje składowej interfejsu „ITrainingRepository.GetLastByUserIdAsync(Id<User>, CancellationToken)” [C:\code\LGYM-APP-APIv3\LgymApi.UnitTests\LgymApi.UnitTests.csproj]
C:\code\LGYM-APP-APIv3\LgymApi.UnitTests\TrainingCompletedEmailCommandHandlerTests.cs(618,51): error CS0535: 'Element „TrainingCompletedEmailCommandHandlerTests.TestTrainingRepository” nie implementuje składowej interfejsu „ITrainingRepository.GetByUserIdAndDateAsync(Id<User>, DateTimeOffset, DateTimeOffset, CancellationToken)” [C:\code\LGYM-APP-APIv3\LgymApi.UnitTests\LgymApi.UnitTests.csproj]
C:\code\LGYM-APP-APIv3\LgymApi.UnitTests\TrainingCompletedEmailCommandHandlerTests.cs(618,51): error CS0535: 'Element „TrainingCompletedEmailCommandHandlerTests.TestTrainingRepository” nie implementuje składowej interfejsu „ITrainingRepository.GetDatesByUserIdAsync(Id<User>, CancellationToken)” [C:\code\LGYM-APP-APIv3\LgymApi.UnitTests\LgymApi.UnitTests.csproj]
C:\code\LGYM-APP-APIv3\LgymApi.UnitTests\TrainingCompletedEmailCommandHandlerTests.cs(618,51): error CS0535: 'Element „TrainingCompletedEmailCommandHandlerTests.TestTrainingRepository” nie implementuje składowej interfejsu „ITrainingRepository.GetByGymIdsAsync(List<Id<Gym>>, CancellationToken)” [C:\code\LGYM-APP-APIv3\LgymApi.UnitTests\LgymApi.UnitTests.csproj]
C:\code\LGYM-APP-APIv3\LgymApi.UnitTests\TrainingCompletedEmailCommandHandlerTests.cs(618,51): error CS0535: 'Element „TrainingCompletedEmailCommandHandlerTests.TestTrainingRepository” nie implementuje składowej interfejsu „ITrainingRepository.GetByPlanDayIdsAsync(List<Id<PlanDay>>, CancellationToken)” [C:\code\LGYM-APP-APIv3\LgymApi.UnitTests\LgymApi.UnitTests.csproj]
C:\code\LGYM-APP-APIv3\LgymApi.UnitTests\TrainingCompletedEmailCommandHandlerTests.cs(644,64): error CS0535: 'Element „TrainingCompletedEmailCommandHandlerTests.TestTrainingExerciseScoreRepository” nie implementuje składowej interfejsu „ITrainingExerciseScoreRepository.GetByTrainingIdsAsync(List<Id<Training>>, CancellationToken)” [C:\code\LGYM-APP-APIv3\LgymApi.UnitTests\LgymApi.UnitTests.csproj]
C:\code\LGYM-APP-APIv3\LgymApi.UnitTests\TrainingCompletedEmailCommandHandlerTests.cs(657,56): error CS0535: 'Element „TrainingCompletedEmailCommandHandlerTests.TestExerciseScoreRepository” nie implementuje składowej interfejsu „IExerciseScoreRepository.GetByIdsAsync(List<Id<ExerciseScore>>, CancellationToken)” [C:\code\LGYM-APP-APIv3\LgymApi.UnitTests\LgymApi.UnitTests.csproj]
C:\code\LGYM-APP-APIv3\LgymApi.UnitTests\TrainingCompletedEmailCommandHandlerTests.cs(657,56): error CS0535: 'Element „TrainingCompletedEmailCommandHandlerTests.TestExerciseScoreRepository” nie implementuje składowej interfejsu „IExerciseScoreRepository.GetByUserAndExerciseAsync(Id<User>, Id<Exercise>, CancellationToken)” [C:\code\LGYM-APP-APIv3\LgymApi.UnitTests\LgymApi.UnitTests.csproj]
C:\code\LGYM-APP-APIv3\LgymApi.UnitTests\TrainingCompletedEmailCommandHandlerTests.cs(657,56): error CS0535: 'Element „TrainingCompletedEmailCommandHandlerTests.TestExerciseScoreRepository” nie implementuje składowej interfejsu „IExerciseScoreRepository.GetByUserAndExerciseAndGymAsync(Id<User>, Id<Exercise>, Id<Gym>?, CancellationToken)” [C:\code\LGYM-APP-APIv3\LgymApi.UnitTests\LgymApi.UnitTests.csproj]
C:\code\LGYM-APP-APIv3\LgymApi.UnitTests\TrainingCompletedEmailCommandHandlerTests.cs(657,56): error CS0535: 'Element „TrainingCompletedEmailCommandHandlerTests.TestExerciseScoreRepository” nie implementuje składowej interfejsu „IExerciseScoreRepository.GetByUserAndExercisesAsync(Id<User>, List<Id<Exercise>>, CancellationToken)” [C:\code\LGYM-APP-APIv3\LgymApi.UnitTests\LgymApi.UnitTests.csproj]
C:\code\LGYM-APP-APIv3\LgymApi.UnitTests\TrainingCompletedEmailCommandHandlerTests.cs(657,56): error CS0535: 'Element „TrainingCompletedEmailCommandHandlerTests.TestExerciseScoreRepository” nie implementuje składowej interfejsu „IExerciseScoreRepository.GetLatestByUserExerciseSeriesAsync(Id<User>, Id<Exercise>, Id<Gym>?, CancellationToken)” [C:\code\LGYM-APP-APIv3\LgymApi.UnitTests\LgymApi.UnitTests.csproj]
C:\code\LGYM-APP-APIv3\LgymApi.UnitTests\TrainingCompletedEmailCommandHandlerTests.cs(657,56): error CS0535: 'Element „TrainingCompletedEmailCommandHandlerTests.TestExerciseScoreRepository” nie implementuje składowej interfejsu „IExerciseScoreRepository.GetLatestByUserExerciseSeriesAsync(Id<User>, Id<Exercise>, int, Id<Gym>?, CancellationToken)” [C:\code\LGYM-APP-APIv3\LgymApi.UnitTests\LgymApi.UnitTests.csproj]
C:\code\LGYM-APP-APIv3\LgymApi.UnitTests\TrainingCompletedEmailCommandHandlerTests.cs(657,56): error CS0535: 'Element „TrainingCompletedEmailCommandHandlerTests.TestExerciseScoreRepository” nie implementuje składowej interfejsu „IExerciseScoreRepository.GetBestScoreAsync(Id<User>, Id<Exercise>, CancellationToken)” [C:\code\LGYM-APP-APIv3\LgymApi.UnitTests\LgymApi.UnitTests.csproj]
C:\code\LGYM-APP-APIv3\LgymApi.UnitTests\ServiceTransactionBehaviorTests.cs(225,47): error CS0535: 'Element „ServiceTransactionBehaviorTests.PlanRepositoryStub” nie implementuje składowej interfejsu „IPlanRepository.FindByIdAsync(Id<Plan>, CancellationToken)” [C:\code\LGYM-APP-APIv3\LgymApi.UnitTests\LgymApi.UnitTests.csproj]
C:\code\LGYM-APP-APIv3\LgymApi.UnitTests\ServiceTransactionBehaviorTests.cs(225,47): error CS0535: 'Element „ServiceTransactionBehaviorTests.PlanRepositoryStub” nie implementuje składowej interfejsu „IPlanRepository.FindActiveByUserIdAsync(Id<User>, CancellationToken)” [C:\code\LGYM-APP-APIv3\LgymApi.UnitTests\LgymApi.UnitTests.csproj]
C:\code\LGYM-APP-APIv3\LgymApi.UnitTests\ServiceTransactionBehaviorTests.cs(225,47): error CS0535: 'Element „ServiceTransactionBehaviorTests.PlanRepositoryStub” nie implementuje składowej interfejsu „IPlanRepository.FindLastActiveByUserIdAsync(Id<User>, CancellationToken)” [C:\code\LGYM-APP-APIv3\LgymApi.UnitTests\LgymApi.UnitTests.csproj]
C:\code\LGYM-APP-APIv3\LgymApi.UnitTests\ServiceTransactionBehaviorTests.cs(225,47): error CS0535: 'Element „ServiceTransactionBehaviorTests.PlanRepositoryStub” nie implementuje składowej interfejsu „IPlanRepository.GetByUserIdAsync(Id<User>, CancellationToken)” [C:\code\LGYM-APP-APIv3\LgymApi.UnitTests\LgymApi.UnitTests.csproj]
C:\code\LGYM-APP-APIv3\LgymApi.UnitTests\ServiceTransactionBehaviorTests.cs(225,47): error CS0535: 'Element „ServiceTransactionBehaviorTests.PlanRepositoryStub” nie implementuje składowej interfejsu „IPlanRepository.SetActivePlanAsync(Id<User>, Id<Plan>, CancellationToken)” [C:\code\LGYM-APP-APIv3\LgymApi.UnitTests\LgymApi.UnitTests.csproj]
C:\code\LGYM-APP-APIv3\LgymApi.UnitTests\ServiceTransactionBehaviorTests.cs(225,47): error CS0535: 'Element „ServiceTransactionBehaviorTests.PlanRepositoryStub” nie implementuje składowej interfejsu „IPlanRepository.ClearActivePlansAsync(Id<User>, CancellationToken)” [C:\code\LGYM-APP-APIv3\LgymApi.UnitTests\LgymApi.UnitTests.csproj]
C:\code\LGYM-APP-APIv3\LgymApi.UnitTests\ServiceTransactionBehaviorTests.cs(225,47): error CS0535: 'Element „ServiceTransactionBehaviorTests.PlanRepositoryStub” nie implementuje składowej interfejsu „IPlanRepository.CopyPlanByShareCodeAsync(string, Id<User>, CancellationToken)” [C:\code\LGYM-APP-APIv3\LgymApi.UnitTests\LgymApi.UnitTests.csproj]
C:\code\LGYM-APP-APIv3\LgymApi.UnitTests\ServiceTransactionBehaviorTests.cs(225,47): error CS0535: 'Element „ServiceTransactionBehaviorTests.PlanRepositoryStub” nie implementuje składowej interfejsu „IPlanRepository.GenerateShareCodeAsync(Id<Plan>, Id<User>, CancellationToken)” [C:\code\LGYM-APP-APIv3\LgymApi.UnitTests\LgymApi.UnitTests.csproj]
C:\code\LGYM-APP-APIv3\LgymApi.UnitTests\ServiceTransactionBehaviorTests.cs(258,50): error CS0535: 'Element „ServiceTransactionBehaviorTests.PlanDayRepositoryStub” nie implementuje składowej interfejsu „IPlanDayRepository.FindByIdAsync(Id<PlanDay>, CancellationToken)” [C:\code\LGYM-APP-APIv3\LgymApi.UnitTests\LgymApi.UnitTests.csproj]
C:\code\LGYM-APP-APIv3\LgymApi.UnitTests\ServiceTransactionBehaviorTests.cs(258,50): error CS0535: 'Element „ServiceTransactionBehaviorTests.PlanDayRepositoryStub” nie implementuje składowej interfejsu „IPlanDayRepository.GetByPlanIdAsync(Id<Plan>, CancellationToken)” [C:\code\LGYM-APP-APIv3\LgymApi.UnitTests\LgymApi.UnitTests.csproj]
C:\code\LGYM-APP-APIv3\LgymApi.UnitTests\ServiceTransactionBehaviorTests.cs(258,50): error CS0535: 'Element „ServiceTransactionBehaviorTests.PlanDayRepositoryStub” nie implementuje składowej interfejsu „IPlanDayRepository.MarkDeletedAsync(Id<PlanDay>, CancellationToken)” [C:\code\LGYM-APP-APIv3\LgymApi.UnitTests\LgymApi.UnitTests.csproj]
C:\code\LGYM-APP-APIv3\LgymApi.UnitTests\ServiceTransactionBehaviorTests.cs(258,50): error CS0535: 'Element „ServiceTransactionBehaviorTests.PlanDayRepositoryStub” nie implementuje składowej interfejsu „IPlanDayRepository.MarkDeletedByPlanIdAsync(Id<Plan>, CancellationToken)” [C:\code\LGYM-APP-APIv3\LgymApi.UnitTests\LgymApi.UnitTests.csproj]
C:\code\LGYM-APP-APIv3\LgymApi.UnitTests\ServiceTransactionBehaviorTests.cs(258,50): error CS0535: 'Element „ServiceTransactionBehaviorTests.PlanDayRepositoryStub” nie implementuje składowej interfejsu „IPlanDayRepository.AnyByPlanIdAsync(Id<Plan>, CancellationToken)” [C:\code\LGYM-APP-APIv3\LgymApi.UnitTests\LgymApi.UnitTests.csproj]
C:\code\LGYM-APP-APIv3\LgymApi.UnitTests\ServiceTransactionBehaviorTests.cs(281,58): error CS0535: 'Element „ServiceTransactionBehaviorTests.PlanDayExerciseRepositoryStub” nie implementuje składowej interfejsu „IPlanDayExerciseRepository.GetByPlanDayIdsAsync(List<Id<PlanDay>>, CancellationToken)” [C:\code\LGYM-APP-APIv3\LgymApi.UnitTests\LgymApi.UnitTests.csproj]
C:\code\LGYM-APP-APIv3\LgymApi.UnitTests\ServiceTransactionBehaviorTests.cs(281,58): error CS0535: 'Element „ServiceTransactionBehaviorTests.PlanDayExerciseRepositoryStub” nie implementuje składowej interfejsu „IPlanDayExerciseRepository.GetByPlanDayIdAsync(Id<PlanDay>, CancellationToken)” [C:\code\LGYM-APP-APIv3\LgymApi.UnitTests\LgymApi.UnitTests.csproj]
C:\code\LGYM-APP-APIv3\LgymApi.UnitTests\ServiceTransactionBehaviorTests.cs(281,58): error CS0535: 'Element „ServiceTransactionBehaviorTests.PlanDayExerciseRepositoryStub” nie implementuje składowej interfejsu „IPlanDayExerciseRepository.RemoveByPlanDayIdAsync(Id<PlanDay>, CancellationToken)” [C:\code\LGYM-APP-APIv3\LgymApi.UnitTests\LgymApi.UnitTests.csproj]
C:\code\LGYM-APP-APIv3\LgymApi.UnitTests\ServiceTransactionBehaviorTests.cs(320,51): error CS0535: 'Element „ServiceTransactionBehaviorTests.ExerciseRepositoryStub” nie implementuje składowej interfejsu „IExerciseRepository.FindByIdAsync(Id<Exercise>, CancellationToken)” [C:\code\LGYM-APP-APIv3\LgymApi.UnitTests\LgymApi.UnitTests.csproj]
C:\code\LGYM-APP-APIv3\LgymApi.UnitTests\ServiceTransactionBehaviorTests.cs(320,51): error CS0535: 'Element „ServiceTransactionBehaviorTests.ExerciseRepositoryStub” nie implementuje składowej interfejsu „IExerciseRepository.GetAllForUserAsync(Id<User>, CancellationToken)” [C:\code\LGYM-APP-APIv3\LgymApi.UnitTests\LgymApi.UnitTests.csproj]
C:\code\LGYM-APP-APIv3\LgymApi.UnitTests\ServiceTransactionBehaviorTests.cs(320,51): error CS0535: 'Element „ServiceTransactionBehaviorTests.ExerciseRepositoryStub” nie implementuje składowej interfejsu „IExerciseRepository.GetUserExercisesAsync(Id<User>, CancellationToken)” [C:\code\LGYM-APP-APIv3\LgymApi.UnitTests\LgymApi.UnitTests.csproj]
C:\code\LGYM-APP-APIv3\LgymApi.UnitTests\ServiceTransactionBehaviorTests.cs(320,51): error CS0535: 'Element „ServiceTransactionBehaviorTests.ExerciseRepositoryStub” nie implementuje składowej interfejsu „IExerciseRepository.GetByBodyPartAsync(Id<User>, BodyParts, CancellationToken)” [C:\code\LGYM-APP-APIv3\LgymApi.UnitTests\LgymApi.UnitTests.csproj]
C:\code\LGYM-APP-APIv3\LgymApi.UnitTests\ServiceTransactionBehaviorTests.cs(320,51): error CS0535: 'Element „ServiceTransactionBehaviorTests.ExerciseRepositoryStub” nie implementuje składowej interfejsu „IExerciseRepository.GetByIdsAsync(List<Id<Exercise>>, CancellationToken)” [C:\code\LGYM-APP-APIv3\LgymApi.UnitTests\LgymApi.UnitTests.csproj]
C:\code\LGYM-APP-APIv3\LgymApi.UnitTests\ServiceTransactionBehaviorTests.cs(320,51): error CS0535: 'Element „ServiceTransactionBehaviorTests.ExerciseRepositoryStub” nie implementuje składowej interfejsu „IExerciseRepository.GetTranslationsAsync(IEnumerable<Id<Exercise>>, IReadOnlyList<string>, CancellationToken)” [C:\code\LGYM-APP-APIv3\LgymApi.UnitTests\LgymApi.UnitTests.csproj]
C:\code\LGYM-APP-APIv3\LgymApi.UnitTests\ServiceTransactionBehaviorTests.cs(320,51): error CS0535: 'Element „ServiceTransactionBehaviorTests.ExerciseRepositoryStub” nie implementuje składowej interfejsu „IExerciseRepository.UpsertTranslationAsync(Id<Exercise>, string, string, CancellationToken)” [C:\code\LGYM-APP-APIv3\LgymApi.UnitTests\LgymApi.UnitTests.csproj]
C:\code\LGYM-APP-APIv3\LgymApi.UnitTests\ServiceTransactionBehaviorTests.cs(334,51): error CS0535: 'Element „ServiceTransactionBehaviorTests.TrainingRepositoryStub” nie implementuje składowej interfejsu „ITrainingRepository.GetByIdAsync(Id<Training>, CancellationToken)” [C:\code\LGYM-APP-APIv3\LgymApi.UnitTests\LgymApi.UnitTests.csproj]
C:\code\LGYM-APP-APIv3\LgymApi.UnitTests\ServiceTransactionBehaviorTests.cs(334,51): error CS0535: 'Element „ServiceTransactionBehaviorTests.TrainingRepositoryStub” nie implementuje składowej interfejsu „ITrainingRepository.GetLastByUserIdAsync(Id<User>, CancellationToken)” [C:\code\LGYM-APP-APIv3\LgymApi.UnitTests\LgymApi.UnitTests.csproj]
C:\code\LGYM-APP-APIv3\LgymApi.UnitTests\ServiceTransactionBehaviorTests.cs(334,51): error CS0535: 'Element „ServiceTransactionBehaviorTests.TrainingRepositoryStub” nie implementuje składowej interfejsu „ITrainingRepository.GetByUserIdAndDateAsync(Id<User>, DateTimeOffset, DateTimeOffset, CancellationToken)” [C:\code\LGYM-APP-APIv3\LgymApi.UnitTests\LgymApi.UnitTests.csproj]
C:\code\LGYM-APP-APIv3\LgymApi.UnitTests\ServiceTransactionBehaviorTests.cs(334,51): error CS0535: 'Element „ServiceTransactionBehaviorTests.TrainingRepositoryStub” nie implementuje składowej interfejsu „ITrainingRepository.GetDatesByUserIdAsync(Id<User>, CancellationToken)” [C:\code\LGYM-APP-APIv3\LgymApi.UnitTests\LgymApi.UnitTests.csproj]
C:\code\LGYM-APP-APIv3\LgymApi.UnitTests\ServiceTransactionBehaviorTests.cs(334,51): error CS0535: 'Element „ServiceTransactionBehaviorTests.TrainingRepositoryStub” nie implementuje składowej interfejsu „ITrainingRepository.GetByGymIdsAsync(List<Id<Gym>>, CancellationToken)” [C:\code\LGYM-APP-APIv3\LgymApi.UnitTests\LgymApi.UnitTests.csproj]
C:\code\LGYM-APP-APIv3\LgymApi.UnitTests\ServiceTransactionBehaviorTests.cs(334,51): error CS0535: 'Element „ServiceTransactionBehaviorTests.TrainingRepositoryStub” nie implementuje składowej interfejsu „ITrainingRepository.GetByPlanDayIdsAsync(List<Id<PlanDay>>, CancellationToken)” [C:\code\LGYM-APP-APIv3\LgymApi.UnitTests\LgymApi.UnitTests.csproj]
    Ostrzeżenia: 4
    Liczba błędów: 141

Czas, który upłynął: 00:00:06.82
