Przebieg testu dla: C:\code\LGYM-APP-APIv3\LgymApi.UnitTests\bin\Release\net10.0\LgymApi.UnitTests.dll (.NETCoreApp,Version=v10.0)
Wersja 18.0.1 (x64) VSTest

Trwa rozpoczynanie wykonywania testu, czekaj...
┼ü─ůczna liczba plik├│w testowych dopasowanych do okre┼Ťlonego wzorca: 1.

Powodzenie!    ÔÇö niepowodzenie:     0, powodzenie:   716, pomini─Öto:     0, ┼é─ůcznie:   716, czas trwania: 1 m 13 s - LgymApi.UnitTests.dll (net10.0)
